@0 tick();
@1 tick();
@2 tick();
@3 tick();
@4 tick();
@5 tick();
@6 tick();
@7 tick();
@8 tick();
@9 tick();
@10 tick();
@11 tick();
@12 tick();
@13 tick();
@14 tick();
@15 tick();
@16 tick();
@17 tick();
@18 tick();
@19 tick();
@20 tick();
@21 tick();
@22 tick();
@23 tick();
@24 tick();
@25 tick();
@26 tick();
@27 tick();
@28 tick();
@29 tick();
@30 tick();
@31 tick();
@32 tick();
@33 tick();
@34 tick();
@35 tick();
@36 tick();
@37 tick();
@38 tick();
@39 tick();
@40 tick();
@41 tick();
@42 tick();
@43 tick();
@44 tick();
@45 tick();
@46 tick();
@47 tick();
@48 tick();
@49 tick();
@50 tick();
@51 tick();
@52 tick();
@53 tick();
@54 tick();
@55 tick();
@56 tick();
@57 tick();
@58 tick();
@59 tick();
@60 tick();
@61 tick();
@62 tick();
@63 tick();
@64 tick();
@65 tick();
@66 tick();
@67 tick();
@68 tick();
@69 tick();
@70 tick();
@71 tick();
@72 tick();
@73 tick();
@74 tick();
@75 tick();
@76 tick();
@77 tick();
@78 tick();
@79 tick();
@80 tick();
@81 tick();
@82 tick();
@83 tick();
@84 tick();
@85 tick();
@86 tick();
@87 tick();
@88 tick();
@88 Use("renamed.txt", "marketing", "anonymous");
@89 tick();
@90 tick();
@91 tick();
@92 tick();
@93 tick();
@94 tick();
@95 tick();
@96 tick();
@97 tick();
@98 tick();
@99 tick();
@100 tick();
@101 tick();
@102 tick();
@103 tick();
@104 tick();
@105 tick();
@106 tick();
@107 tick();
@108 tick();
@109 tick();
@110 tick();
@111 tick();
@112 tick();
@113 tick();
@114 tick();
@115 tick();
@116 tick();
@117 tick();
@118 tick();
@119 tick();
@120 tick();
@120 Collect("renamed.txt", "marketing");
@121 tick();
@122 tick();
@123 tick();
@124 tick();
@125 tick();
@126 tick();
@127 tick();
@128 tick();
@129 tick();
@130 tick();
@131 tick();
@132 tick();
@133 tick();
@134 tick();
@135 tick();
@136 tick();
@137 tick();
@138 tick();
@139 tick();
@140 tick();
@141 tick();
@142 tick();
@143 tick();
@144 tick();
@145 tick();
@146 tick();
@147 tick();
@148 tick();
@149 tick();
@150 tick();
@151 tick();
@152 tick();
@153 tick();
@154 tick();
@155 tick();
@156 tick();
@157 tick();
@158 tick();
@159 tick();
@160 tick();
@161 tick();
@162 tick();
@162 Collect("renamed.txt", "marketing");
@163 tick();
@164 tick();
@165 tick();
@166 tick();
@167 tick();
@168 tick();
@169 tick();
@170 tick();
@171 tick();
@172 tick();
@173 tick();
@174 tick();
@175 tick();
@176 tick();
@177 tick();
@178 tick();
@179 tick();
@180 tick();
@181 tick();
@182 tick();
@183 tick();
@184 tick();
@185 tick();
@186 tick();
@187 tick();
@188 tick();
@189 tick();
@190 tick();
@191 tick();
@192 tick();
@193 tick();
@194 tick();
@195 tick();
@196 tick();
@197 tick();
@198 tick();
@199 tick();
@200 tick();
@201 tick();
@202 tick();
@203 tick();
@204 tick();
@205 tick();
@206 tick();
@207 tick();
@208 tick();
@209 tick();
@210 tick();
@211 tick();
@212 tick();
@213 tick();
@214 tick();
@215 tick();
@216 tick();
@217 tick();
@218 tick();
@219 tick();
@220 tick();
@221 tick();
@222 tick();
@223 tick();
@224 tick();
@225 tick();
@226 tick();
@227 tick();
@228 tick();
@229 tick();
@230 tick();
@231 tick();
@232 tick();
@233 tick();
@234 tick();
@235 tick();
@236 tick();
@237 tick();
@238 tick();
@239 tick();
@240 tick();
@241 tick();
@242 tick();
@243 tick();
@244 tick();
@245 tick();
@246 tick();
@247 tick();
@248 tick();
@249 tick();
@250 tick();
@251 tick();
@252 tick();
@253 tick();
@254 tick();
@255 tick();
@256 tick();
@257 tick();
@258 tick();
@259 tick();
@260 tick();
@261 tick();
@262 tick();
@263 tick();
@264 tick();
@265 tick();
@265 Use("renamed.txt", "marketing", "Wei-En Hsieh");
@266 tick();
@267 tick();
@268 tick();
@269 tick();
@270 tick();
@271 tick();
@272 tick();
@273 tick();
@274 tick();
@275 tick();
@276 tick();
@277 tick();
@278 tick();
@279 tick();
@280 tick();
@281 tick();
@282 tick();
@283 tick();
@284 tick();
@285 tick();
@286 tick();
@287 tick();
@288 tick();
@289 tick();
@290 tick();
@291 tick();
@292 tick();
@293 tick();
@293 Collect("renamed.txt", "marketing");
@294 tick();
@295 tick();
@296 tick();
@297 tick();
@298 tick();
@299 tick();
@300 tick();
@301 tick();
@302 tick();
@303 tick();
@304 tick();
@304 Use("renamed.txt", "marketing", "Wei-En Hsieh");
@305 tick();
@306 tick();
@307 tick();
@308 tick();
@309 tick();
@310 tick();
@311 tick();
@312 tick();
@313 tick();
@314 tick();
@315 tick();
@316 tick();
@317 tick();
@318 tick();
@319 tick();
@320 tick();
@321 tick();
@322 tick();
@323 tick();
@324 tick();
@325 tick();
@326 tick();
@327 tick();
@328 tick();
@329 tick();
@330 tick();
@331 tick();
@332 tick();
@333 tick();
@334 tick();
@0 tick();
@1 tick();
@2 tick();
@3 tick();
@4 tick();
@5 tick();
@6 tick();
@7 tick();
@8 tick();
@9 tick();
@10 tick();
@11 tick();
@12 tick();
@13 tick();
@14 tick();
@15 tick();
@16 tick();
@17 tick();
@18 tick();
@19 tick();
@20 tick();
@21 tick();
@22 tick();
@23 tick();
@24 tick();
@25 tick();
@26 tick();
@27 tick();
@28 tick();
@29 tick();
@30 tick();
@31 tick();
@32 tick();
@33 tick();
@34 tick();
@35 tick();
@36 tick();
@37 tick();
@38 tick();
@39 tick();
@40 tick();
@41 tick();
@42 tick();
@43 tick();
@44 tick();
@45 tick();
@46 tick();
@47 tick();
@48 tick();
@49 tick();
@50 tick();
@51 tick();
@52 tick();
@53 tick();
@54 tick();
@55 tick();
@56 tick();
@57 tick();
@58 tick();
@59 tick();
@60 tick();
@61 tick();
@62 tick();
@63 tick();
@64 tick();
@65 tick();
@66 tick();
@67 tick();
@68 tick();
@69 tick();
@70 tick();
@71 tick();
@72 tick();
@73 tick();
@74 tick();
@75 tick();
@76 tick();
@77 tick();
@78 tick();
@79 tick();
@80 tick();
@81 tick();
@82 tick();
@83 tick();
@84 tick();
@85 tick();
@86 tick();
@87 tick();
@88 tick();
@89 tick();
@90 tick();
@91 tick();
@92 tick();
@93 tick();
@94 tick();
@95 tick();
@96 tick();
@97 tick();
@98 tick();
@99 tick();
@100 tick();
@101 tick();
@102 tick();
@103 tick();
@104 tick();
@105 tick();
@106 tick();
@107 tick();
@108 tick();
@109 tick();
@110 tick();
@111 tick();
@112 tick();
@113 tick();
@114 tick();
@115 tick();
@116 tick();
@117 tick();
@118 tick();
@119 tick();
@120 tick();
@121 tick();
@122 tick();
@123 tick();
@124 tick();
@0 tick();
@1 tick();
@2 tick();
@3 tick();
@4 tick();
@5 tick();
@6 tick();
@7 tick();
@8 tick();
@9 tick();
@10 tick();
@11 tick();
@12 tick();
@13 tick();
@14 tick();
@15 tick();
@16 tick();
@17 tick();
@18 tick();
@19 tick();
@20 tick();
@21 tick();
@22 tick();
@23 tick();
@24 tick();
@25 tick();
@26 tick();
@27 tick();
@28 tick();
@29 tick();
@30 tick();
@31 tick();
@32 tick();
@33 tick();
@34 tick();
@35 tick();
@36 tick();
@37 tick();
@38 tick();
@39 tick();
@40 tick();
@41 tick();
@42 tick();
@43 tick();
@44 tick();
@45 tick();
@46 tick();
@47 tick();
@48 tick();
@49 tick();
@50 tick();
@51 tick();
@52 tick();
@53 tick();
@54 tick();
@55 tick();
@56 tick();
@57 tick();
@58 tick();
@0 tick();
@1 tick();
@2 tick();
@3 tick();
@4 tick();
@5 tick();
@6 tick();
@7 tick();
@8 tick();
@9 tick();
@10 tick();
@11 tick();
@12 tick();
@13 tick();
@14 tick();
@15 tick();
@16 tick();
@17 tick();
@18 tick();
@19 tick();
@20 tick();
@21 tick();
@22 tick();
@23 tick();
@24 tick();
@25 tick();
@26 tick();
@27 tick();
@28 tick();
@29 tick();
@30 tick();
@31 tick();
@32 tick();
@33 tick();
@34 tick();
@35 tick();
@36 tick();
@37 tick();
@38 tick();
@39 tick();
@40 tick();
@41 tick();
@42 tick();
@43 tick();
@44 tick();
@45 tick();
@46 tick();
@47 tick();
@48 tick();
@49 tick();
@50 tick();
@51 tick();
@52 tick();
@53 tick();
@54 tick();
@55 tick();
@56 tick();
@57 tick();
@58 tick();
@59 tick();
@60 tick();
@61 tick();
@62 tick();
@63 tick();
@64 tick();
@65 tick();
@66 tick();
@67 tick();
@68 tick();
@69 tick();
@70 tick();
@71 tick();
@72 tick();
@73 tick();
@74 tick();
@75 tick();
@76 tick();
@77 tick();
@78 tick();
@79 tick();
@80 tick();
@81 tick();
@82 tick();
@83 tick();
@84 tick();
@85 tick();
@86 tick();
@87 tick();
@88 tick();
@89 tick();
@90 tick();
@91 tick();
@91 Collect("oct31.txt", "marketing");
@92 tick();
@93 tick();
@94 tick();
@95 tick();
@96 tick();
@97 tick();
@98 tick();
@99 tick();
@100 tick();
@101 tick();
@102 tick();
@103 tick();
@104 tick();
@105 tick();
@106 tick();
@107 tick();
@108 tick();
@109 tick();
@110 tick();
@111 tick();
@112 tick();
@113 tick();
@114 tick();
@115 tick();
@116 tick();
@117 tick();
@118 tick();
@119 tick();
@120 tick();
@121 tick();
@122 tick();
@123 tick();
@124 tick();
@125 tick();
@126 tick();
@127 tick();
@128 tick();
@129 tick();
@130 tick();
@131 tick();
@132 tick();
@133 tick();
@134 tick();
@135 tick();
@136 tick();
@137 tick();
@138 tick();
@139 tick();
@140 tick();
@141 tick();
@142 tick();
@143 tick();
@144 tick();
@145 tick();
@146 tick();
@147 tick();
@148 tick();
@149 tick();
@150 tick();
@151 tick();
@152 tick();
@153 tick();
@154 tick();
@155 tick();
@156 tick();
@157 tick();
@158 tick();
@159 tick();
@160 tick();
@161 tick();
@162 tick();
@163 tick();
@0 tick();
@1 tick();
@2 tick();
@3 tick();
@4 tick();
@5 tick();
@6 tick();
@7 tick();
@8 tick();
@9 tick();
@10 tick();
@11 tick();
@12 tick();
@13 tick();
@14 tick();
@15 tick();
@16 tick();
@17 tick();
@18 tick();
@19 tick();
@20 tick();
@21 tick();
@22 tick();
@23 tick();
@24 tick();
@25 tick();
@26 tick();
@27 tick();
@28 tick();
@29 tick();
@30 tick();
@31 tick();
@32 tick();
@33 tick();
@34 tick();
@35 tick();
@36 tick();
@37 tick();
@38 tick();
@39 tick();
@40 tick();
@41 tick();
@42 tick();
@43 tick();
@44 tick();
@45 tick();
@46 tick();
@47 tick();
@48 tick();
@49 tick();
@50 tick();
@51 tick();
@52 tick();
@53 tick();
@54 tick();
@55 tick();
@56 tick();
@57 tick();
@58 tick();
@59 tick();
@60 tick();
@61 tick();
@62 tick();
@63 tick();
@64 tick();
@65 tick();
@66 tick();
@67 tick();
@68 tick();
@69 tick();
@70 tick();
@71 tick();
@72 tick();
@73 tick();
@74 tick();
@75 tick();
@76 tick();
@77 tick();
@78 tick();
@79 tick();
@80 tick();
@81 tick();
@82 tick();
@83 tick();
@84 tick();
@85 tick();
@86 tick();
@87 tick();
@88 tick();
@89 tick();
@90 tick();
@91 tick();
@92 tick();
@93 tick();
@94 tick();
@95 tick();
@96 tick();
@97 tick();
@98 tick();
@99 tick();
@100 tick();
@101 tick();
@0 tick();
@1 tick();
@2 tick();
@3 tick();
@4 tick();
@5 tick();
@6 tick();
@7 tick();
@8 tick();
@9 tick();
@10 tick();
@11 tick();
@12 tick();
@13 tick();
@14 tick();
@15 tick();
@16 tick();
@17 tick();
@18 tick();
@19 tick();
@20 tick();
@21 tick();
@22 tick();
@23 tick();
@24 tick();
@25 tick();
@26 tick();
@27 tick();
@28 tick();
@29 tick();
@30 tick();
@31 tick();
@32 tick();
@33 tick();
@34 tick();
@35 tick();
@36 tick();
@37 tick();
@38 tick();
@39 tick();
@40 tick();
@41 tick();
@42 tick();
@43 tick();
@44 tick();
@45 tick();
@46 tick();
@47 tick();
@48 tick();
@49 tick();
@50 tick();
@51 tick();
@52 tick();
@53 tick();
@54 tick();
@55 tick();
@56 tick();
@57 tick();
@58 tick();
@59 tick();
@60 tick();
@61 tick();
@62 tick();
@63 tick();
@64 tick();
@65 tick();
@66 tick();
@67 tick();
@68 tick();
@69 tick();
@70 tick();
@71 tick();
@72 tick();
@73 tick();
@74 tick();
@75 tick();
@76 tick();
@77 tick();
@78 tick();
@79 tick();
@80 tick();
@81 tick();
@82 tick();
@83 tick();
@84 tick();
@85 tick();
@86 tick();
@87 tick();
@88 tick();
@89 tick();
@90 tick();
@91 tick();
@92 tick();
@93 tick();
@94 tick();
@95 tick();
@96 tick();
@97 tick();
@98 tick();
@99 tick();
@100 tick();
@101 tick();
@102 tick();
@103 tick();
@104 tick();
@105 tick();
@106 tick();
@107 tick();
@108 tick();
@109 tick();
@110 tick();
@111 tick();
@112 tick();
@113 tick();
@114 tick();
@115 tick();
@116 tick();
@117 tick();
@118 tick();
@119 tick();
@120 tick();
@121 tick();
@122 tick();
@123 tick();
@124 tick();
@125 tick();
@126 tick();
@127 tick();
@128 tick();
@129 tick();
@130 tick();
@131 tick();
@132 tick();
@133 tick();
@134 tick();
@135 tick();
@136 tick();
@137 tick();
@138 tick();
@139 tick();
@140 tick();
@141 tick();
@142 tick();
@143 tick();
@144 tick();
@145 tick();
@146 tick();
@147 tick();
@148 tick();
@149 tick();
@150 tick();
@151 tick();
@152 tick();
@153 tick();
@154 tick();
@155 tick();
@156 tick();
@157 tick();
@158 tick();
@159 tick();
@160 tick();
@161 tick();
@162 tick();
@163 tick();
@164 tick();
@165 tick();
@166 tick();
@167 tick();
@168 tick();
@169 tick();
@170 tick();
@171 tick();
@172 tick();
@173 tick();
@174 tick();
@175 tick();
@176 tick();
@177 tick();
@178 tick();
@179 tick();
@180 tick();
@181 tick();
@182 tick();
@183 tick();
@184 tick();
@185 tick();
@186 tick();
@187 tick();
@188 tick();
@189 tick();
@190 tick();
@191 tick();
@192 tick();
@193 tick();
@194 tick();
@195 tick();
@196 tick();
@197 tick();
@198 tick();
@199 tick();
@200 tick();
@201 tick();
@202 tick();
@203 tick();
@204 tick();
@205 tick();
@206 tick();
@207 tick();
@208 tick();
@209 tick();
@210 tick();
@211 tick();
@212 tick();
@213 tick();
@214 tick();
@215 tick();
@216 tick();
@217 tick();
@218 tick();
@219 tick();
@220 tick();
@221 tick();
@222 tick();
@223 tick();
@224 tick();
@225 tick();
@226 tick();
@227 tick();
@228 tick();
@229 tick();
@230 tick();
@231 tick();
@232 tick();
@233 tick();
@234 tick();
@235 tick();
@236 tick();
@237 tick();
@238 tick();
@239 tick();
@240 tick();
@241 tick();
@242 tick();
@243 tick();
@244 tick();
@245 tick();
@246 tick();
@247 tick();
@248 tick();
@249 tick();
@250 tick();
@251 tick();
@252 tick();
@253 tick();
@254 tick();
@255 tick();
@256 tick();
@257 tick();
@258 tick();
@259 tick();
@260 tick();
@261 tick();
@262 tick();
@263 tick();
@264 tick();
@265 tick();
@266 tick();
@267 tick();
@268 tick();
@269 tick();
@270 tick();
@271 tick();
@272 tick();
@273 tick();
@274 tick();
@275 tick();
@276 tick();
@277 tick();
@278 tick();
@279 tick();
@280 tick();
@281 tick();
@282 tick();
@283 tick();
@284 tick();
@285 tick();
@286 tick();
@287 tick();
@288 tick();
@289 tick();
@290 tick();
@291 tick();
@292 tick();
@293 tick();
@294 tick();
@295 tick();
@296 tick();
@297 tick();
@298 tick();
@299 tick();
@300 tick();
@301 tick();
@302 tick();
@303 tick();
@304 tick();
@305 tick();
@306 tick();
@307 tick();
@308 tick();
@309 tick();
@310 tick();
@311 tick();
@312 tick();
@313 tick();
@314 tick();
@315 tick();
@316 tick();
@317 tick();
@318 tick();
@319 tick();
@320 tick();
@321 tick();
@322 tick();
@323 tick();
@324 tick();
@325 tick();
@326 tick();
@327 tick();
@328 tick();
@329 tick();
@330 tick();
@331 tick();
@332 tick();
@333 tick();
@334 tick();
@335 tick();
@336 tick();
@337 tick();
@338 tick();
@339 tick();
@340 tick();
@341 tick();
@342 tick();
@343 tick();
@344 tick();
@345 tick();
@346 tick();
@347 tick();
@348 tick();
@349 tick();
@350 tick();
@351 tick();
@352 tick();
@353 tick();
@354 tick();
@355 tick();
@356 tick();
@357 tick();
@358 tick();
@359 tick();
@360 tick();
@361 tick();
@362 tick();
@0 tick();
@1 tick();
@2 tick();
@3 tick();
@4 tick();
@5 tick();
@6 tick();
@7 tick();
@8 tick();
@9 tick();
@10 tick();
@11 tick();
@12 tick();
@13 tick();
@14 tick();
@15 tick();
@16 tick();
@17 tick();
@18 tick();
@19 tick();
@20 tick();
@21 tick();
@22 tick();
@23 tick();
@24 tick();
@25 tick();
@26 tick();
@27 tick();
@28 tick();
@29 tick();
@30 tick();
@31 tick();
@32 tick();
@33 tick();
@34 tick();
@35 tick();
@36 tick();
@37 tick();
@38 tick();
@39 tick();
@40 tick();
@41 tick();
@42 tick();
@43 tick();
@44 tick();
@45 tick();
@46 tick();
@47 tick();
@48 tick();
@49 tick();
@50 tick();
@51 tick();
@52 tick();
@53 tick();
@54 tick();
@55 tick();
@56 tick();
@57 tick();
@58 tick();
@0 tick();
@1 tick();
@2 tick();
@3 tick();
@4 tick();
@5 tick();
@6 tick();
@7 tick();
@8 tick();
@9 tick();
@10 tick();
@11 tick();
@12 tick();
@13 tick();
@14 tick();
@15 tick();
@16 tick();
@17 tick();
@18 tick();
@19 tick();
@20 tick();
@21 tick();
@22 tick();
@23 tick();
@24 tick();
@25 tick();
@26 tick();
@27 tick();
@28 tick();
@29 tick();
@30 tick();
@31 tick();
@32 tick();
@33 tick();
@34 tick();
@35 tick();
@36 tick();
@37 tick();
@38 tick();
@39 tick();
@40 tick();
@41 tick();
@0 tick();
@1 tick();
@2 tick();
@3 tick();
@4 tick();
@5 tick();
@6 tick();
@7 tick();
@8 tick();
@9 tick();
@10 tick();
@11 tick();
@12 tick();
@13 tick();
@14 tick();
@15 tick();
@16 tick();
@17 tick();
@18 tick();
@19 tick();
@20 tick();
@21 tick();
@22 tick();
@23 tick();
@24 tick();
@25 tick();
@26 tick();
@27 tick();
@28 tick();
@29 tick();
@30 tick();
@31 tick();
@32 tick();
@33 tick();
@34 tick();
@35 tick();
@36 tick();
@37 tick();
@38 tick();
@39 tick();
@40 tick();
@41 tick();
@42 tick();
@0 tick();
@1 tick();
@2 tick();
@3 tick();
@4 tick();
@5 tick();
@6 tick();
@7 tick();
@8 tick();
@9 tick();
@10 tick();
@11 tick();
@12 tick();
@13 tick();
@14 tick();
@15 tick();
@16 tick();
@17 tick();
@18 tick();
@19 tick();
@20 tick();
@21 tick();
@22 tick();
@23 tick();
@24 tick();
@25 tick();
@26 tick();
@27 tick();
@28 tick();
@29 tick();
@30 tick();
@31 tick();
@32 tick();
@33 tick();
@34 tick();
@35 tick();
@36 tick();
@37 tick();
@38 tick();
@39 tick();
@40 tick();
@41 tick();
@42 tick();
@43 tick();
@44 tick();
@45 tick();
@46 tick();
@47 tick();
@48 tick();
@49 tick();
@50 tick();
@51 tick();
@52 tick();
@53 tick();
@54 tick();
@55 tick();
@56 tick();
@57 tick();
@58 tick();
@59 tick();
@60 tick();
@61 tick();
@62 tick();
@63 tick();
@64 tick();
@65 tick();
@66 tick();
@67 tick();
@68 tick();
@69 tick();
@70 tick();
@71 tick();
@72 tick();
@73 tick();
@74 tick();
@75 tick();
@76 tick();
@0 tick();
@1 tick();
@2 tick();
@3 tick();
@4 tick();
@5 tick();
@6 tick();
@7 tick();
@8 tick();
@9 tick();
@10 tick();
@11 tick();
@12 tick();
@13 tick();
@14 tick();
@15 tick();
@16 tick();
@17 tick();
@18 tick();
@19 tick();
@20 tick();
@21 tick();
@22 tick();
@23 tick();
@24 tick();
@25 tick();
@26 tick();
@27 tick();
@28 tick();
@29 tick();
@30 tick();
@31 tick();
@32 tick();
@33 tick();
@34 tick();
@35 tick();
@36 tick();
@37 tick();
@38 tick();
@39 tick();
@40 tick();
@41 tick();
@42 tick();
@43 tick();
@44 tick();
@45 tick();
@46 tick();
@47 tick();
@48 tick();
@49 tick();
@50 tick();
@51 tick();
@52 tick();
@53 tick();
@54 tick();
@55 tick();
@56 tick();
@57 tick();
@58 tick();
@59 tick();
@60 tick();
@61 tick();
@62 tick();
@63 tick();
@64 tick();
@65 tick();
@66 tick();
@67 tick();
@68 tick();
@69 tick();
@70 tick();
@71 tick();
@72 tick();
@73 tick();
@74 tick();
@75 tick();
@76 tick();
@77 tick();
@78 tick();
@79 tick();
@80 tick();
@81 tick();
@82 tick();
@83 tick();
@84 tick();
@85 tick();
@86 tick();
@87 tick();
@88 tick();
@89 tick();
@90 tick();
@91 tick();
@92 tick();
@93 tick();
@94 tick();
@95 tick();
@96 tick();
@97 tick();
@98 tick();
@99 tick();
@100 tick();
@101 tick();
@102 tick();
@103 tick();
@104 tick();
@105 tick();
@106 tick();
@107 tick();
@108 tick();
@109 tick();
@110 tick();
@111 tick();
@112 tick();
@113 tick();
@114 tick();
@115 tick();
@116 tick();
@117 tick();
@118 tick();
@119 tick();
@120 tick();
@121 tick();
@122 tick();
@123 tick();
@124 tick();
@125 tick();
@126 tick();
@127 tick();
@128 tick();
@129 tick();
@130 tick();
@131 tick();
@132 tick();
@133 tick();
@134 tick();
@135 tick();
@136 tick();
@137 tick();
@138 tick();
@139 tick();
@140 tick();
@141 tick();
@142 tick();
@143 tick();
@144 tick();
@145 tick();
@146 tick();
@147 tick();
@148 tick();
@149 tick();
@150 tick();
@151 tick();
@152 tick();
@153 tick();
@154 tick();
@155 tick();
@156 tick();
@157 tick();
@158 tick();
@159 tick();
@160 tick();
@161 tick();
@162 tick();
@163 tick();
@164 tick();
@165 tick();
@166 tick();
@167 tick();
@168 tick();
@169 tick();
@170 tick();
@171 tick();
@172 tick();
@173 tick();
@174 tick();
@175 tick();
@176 tick();
@177 tick();
@178 tick();
@179 tick();
@180 tick();
@181 tick();
@182 tick();
@183 tick();
@184 tick();
@185 tick();
@186 tick();
@187 tick();
@188 tick();
@189 tick();
@190 tick();
@191 tick();
@192 tick();
@193 tick();
@194 tick();
@195 tick();
@196 tick();
@197 tick();
@198 tick();
@199 tick();
@200 tick();
@201 tick();
@202 tick();
@203 tick();
@203 Collect("Friday_night.txt", "marketing");
@204 tick();
@205 tick();
@206 tick();
@207 tick();
@208 tick();
@209 tick();
@210 tick();
@211 tick();
@212 tick();
@213 tick();
@214 tick();
@215 tick();
@216 tick();
@217 tick();
@218 tick();
@219 tick();
@220 tick();
@221 tick();
@222 tick();
@223 tick();
@224 tick();
@225 tick();
@226 tick();
@227 tick();
@228 tick();
@229 tick();
@230 tick();
@231 tick();
@232 tick();
@233 tick();
@234 tick();
@235 tick();
@236 tick();
@237 tick();
@238 tick();
@239 tick();
@240 tick();
@241 tick();
@242 tick();
@243 tick();
@244 tick();
@245 tick();
@246 tick();
@247 tick();
@248 tick();
@249 tick();
@250 tick();
@251 tick();
@252 tick();
@253 tick();
@254 tick();
@255 tick();
@256 tick();
@257 tick();
@258 tick();
@259 tick();
@260 tick();
@261 tick();
@262 tick();
@263 tick();
@264 tick();
@265 tick();
@266 tick();
@267 tick();
@268 tick();
@269 tick();
@270 tick();
@271 tick();
@272 tick();
@273 tick();
@274 tick();
@275 tick();
@276 tick();
@277 tick();
@278 tick();
@279 tick();
@280 tick();
@281 tick();
@282 tick();
@283 tick();
@284 tick();
@285 tick();
@286 tick();
@287 tick();
@288 tick();
@289 tick();
@290 tick();
@291 tick();
@292 tick();
@293 tick();
@294 tick();
@295 tick();
@296 tick();
@297 tick();
@298 tick();
@299 tick();
@300 tick();
@301 tick();
@302 tick();
@303 tick();
@304 tick();
@305 tick();
@306 tick();
@307 tick();
@308 tick();
@309 tick();
@310 tick();
@311 tick();
@312 tick();
@313 tick();
@314 tick();
@315 tick();
@316 tick();
@317 tick();
@318 tick();
@319 tick();
@320 tick();
@321 tick();
@322 tick();
@323 tick();
@324 tick();
@325 tick();
@326 tick();
@327 tick();
@328 tick();
@329 tick();
@330 tick();
@331 tick();
@332 tick();
@333 tick();
@334 tick();
@335 tick();
@336 tick();
@337 tick();
@338 tick();
@339 tick();
@340 tick();
@0 tick();
@1 tick();
@2 tick();
@3 tick();
@4 tick();
@5 tick();
@6 tick();
@7 tick();
@8 tick();
@9 tick();
@10 tick();
@11 tick();
@12 tick();
@13 tick();
@14 tick();
@15 tick();
@16 tick();
@17 tick();
@18 tick();
@19 tick();
@20 tick();
@21 tick();
@22 tick();
@23 tick();
@24 tick();
@25 tick();
@26 tick();
@27 tick();
@28 tick();
@29 tick();
@30 tick();
@31 tick();
@32 tick();
@33 tick();
@34 tick();
@35 tick();
@36 tick();
@37 tick();
@38 tick();
@39 tick();
@40 tick();
@41 tick();
@42 tick();
@43 tick();
@44 tick();
@45 tick();
@46 tick();
@47 tick();
@48 tick();
@49 tick();
@50 tick();
@51 tick();
@52 tick();
@53 tick();
@54 tick();
@55 tick();
@56 tick();
@57 tick();
@58 tick();
@59 tick();
@60 tick();
@61 tick();
@62 tick();
@63 tick();
@64 tick();
@64 Collect("no_tmp_pls.txt", "marketing");
@65 tick();
@66 tick();
@67 tick();
@68 tick();
@69 tick();
@70 tick();
@71 tick();
@72 tick();
@73 tick();
@74 tick();
@75 tick();
@76 tick();
@77 tick();
@78 tick();
@79 tick();
@80 tick();
@81 tick();
@82 tick();
@83 tick();
@84 tick();
@85 tick();
@86 tick();
@87 tick();
@88 tick();
@89 tick();
@89 Use("no_tmp_pls.txt", "marketing", "anonymous");
@90 tick();
@91 tick();
@92 tick();
@93 tick();
@94 tick();
@95 tick();
@96 tick();
@97 tick();
@98 tick();
@99 tick();
@100 tick();
@101 tick();
@102 tick();
@103 tick();
@104 tick();
@105 tick();
@106 tick();
@107 tick();
@108 tick();
@109 tick();
@110 tick();
@111 tick();
@112 tick();
@113 tick();
@114 tick();
@115 tick();
@116 tick();
@117 tick();
@118 tick();
@119 tick();
@120 tick();
@121 tick();
@122 tick();
@123 tick();
@124 tick();
@125 tick();
@126 tick();
@127 tick();
@128 tick();
@129 tick();
@130 tick();
@131 tick();
@132 tick();
@133 tick();
@134 tick();
@135 tick();
@136 tick();
@137 tick();
@138 tick();
@139 tick();
@140 tick();
@141 tick();
@142 tick();
@143 tick();
@144 tick();
@145 tick();
@146 tick();
@147 tick();
@148 tick();
@149 tick();
@150 tick();
@151 tick();
@152 tick();
@153 tick();
@154 tick();
@155 tick();
@156 tick();
@157 tick();
@158 tick();
@159 tick();
@160 tick();
@161 tick();
@162 tick();
@163 tick();
@164 tick();
@165 tick();
@166 tick();
@167 tick();
@168 tick();
@169 tick();
@170 tick();
@171 tick();
@172 tick();
@173 tick();
@174 tick();
@175 tick();
@176 tick();
@177 tick();
@178 tick();
@179 tick();
@180 tick();
@181 tick();
@182 tick();
@183 tick();
@184 tick();
@185 tick();
@186 tick();
@187 tick();
@188 tick();
@189 tick();
@190 tick();
@191 tick();
@192 tick();
@193 tick();
@194 tick();
@195 tick();
@196 tick();
@197 tick();
@198 tick();
@199 tick();
@200 tick();
@201 tick();
@202 tick();
@203 tick();
@204 tick();
@205 tick();
@206 tick();
@207 tick();
@208 tick();
@209 tick();
@210 tick();
@211 tick();
@212 tick();
@213 tick();
@214 tick();
@215 tick();
@216 tick();
@217 tick();
@218 tick();
@219 tick();
@220 tick();
@221 tick();
@222 tick();
@223 tick();
@224 tick();
@225 tick();
@226 tick();
@227 tick();
@228 tick();
@229 tick();
@230 tick();
@231 tick();
@232 tick();
@233 tick();
@234 tick();
@235 tick();
@236 tick();
@237 tick();
@238 tick();
@239 tick();
@240 tick();
@241 tick();
@242 tick();
@243 tick();
@244 tick();
@245 tick();
@246 tick();
@247 tick();
@248 tick();
@249 tick();
@250 tick();
@251 tick();
@252 tick();
@253 tick();
@254 tick();
@255 tick();
@256 tick();
@257 tick();
@258 tick();
@259 tick();
@260 tick();
@261 tick();
@262 tick();
@263 tick();
@264 tick();
@0 tick();
@1 tick();
@2 tick();
@3 tick();
@4 tick();
@5 tick();
@6 tick();
@7 tick();
@8 tick();
@9 tick();
@10 tick();
@11 tick();
@12 tick();
@13 tick();
@14 tick();
@15 tick();
@16 tick();
@17 tick();
@18 tick();
@19 tick();
@20 tick();
@21 tick();
@22 tick();
@23 tick();
@24 tick();
@24 Use("no_tmp_pls.txt", "marketing", "anonymous");
@25 tick();
@26 tick();
@27 tick();
@28 tick();
@29 tick();
@30 tick();
@31 tick();
@31 Collect("no_tmp_pls.txt", "marketing");
@32 tick();
@33 tick();
@34 tick();
@35 tick();
@36 tick();
@37 tick();
@38 tick();
@39 tick();
@40 tick();
@41 tick();
@42 tick();
@43 tick();
@44 tick();
@45 tick();
@46 tick();
@47 tick();
@48 tick();
@49 tick();
@50 tick();
@51 tick();
@52 tick();
@53 tick();
@54 tick();
@55 tick();
@56 tick();
@56 Use("no_tmp_pls.txt", "marketing", "anonymous");
@57 tick();
@58 tick();
@59 tick();
@60 tick();
@61 tick();
@62 tick();
@63 tick();
@64 tick();
@65 tick();
@66 tick();
@67 tick();
@68 tick();
@69 tick();
@70 tick();
@71 tick();
@72 tick();
@73 tick();
@74 tick();
@75 tick();
@76 tick();
@77 tick();
@78 tick();
@79 tick();
@80 tick();
@81 tick();
@82 tick();
@83 tick();
@84 tick();
@85 tick();
@86 tick();
@87 tick();
@88 tick();
@89 tick();
@90 tick();
@91 tick();
@92 tick();
@93 tick();
@94 tick();
@95 tick();
@96 tick();
@97 tick();
@98 tick();
@99 tick();
@100 tick();
@101 tick();
@102 tick();
@103 tick();
@104 tick();
@105 tick();
@106 tick();
@107 tick();
@108 tick();
@109 tick();
@109 Use("dodo2.txt", "marketing", "Wei-En Hsieh");
@110 tick();
@111 tick();
@112 tick();
@113 tick();
@114 tick();
@115 tick();
@116 tick();
@117 tick();
@118 tick();
@119 tick();
@120 tick();
@121 tick();
@122 tick();
@123 tick();
@124 tick();
@125 tick();
@126 tick();
@127 tick();
@128 tick();
@129 tick();
@130 tick();
@131 tick();
@132 tick();
@133 tick();
@134 tick();
@135 tick();
@136 tick();
@137 tick();
@138 tick();
@139 tick();
@140 tick();
@141 tick();
@142 tick();
@143 tick();
@144 tick();
@145 tick();
@0 tick();
@1 tick();
@2 tick();
@3 tick();
@4 tick();
@5 tick();
@6 tick();
@7 tick();
@8 tick();
@9 tick();
@10 tick();
@11 tick();
@12 tick();
@13 tick();
@14 tick();
@15 tick();
@16 tick();
@17 tick();
@18 tick();
@0 tick();
@1 tick();
@2 tick();
@3 tick();
@4 tick();
@5 tick();
@6 tick();
@7 tick();
@8 tick();
@9 tick();
@10 tick();
@11 tick();
@12 tick();
@13 tick();
@14 tick();
@15 tick();
@16 tick();
@17 tick();
@18 tick();
@19 tick();
@20 tick();
@21 tick();
@22 tick();
@23 tick();
@24 tick();
@25 tick();
@26 tick();
@27 tick();
@28 tick();
@29 tick();
@30 tick();
@31 tick();
@32 tick();
@33 tick();
@34 tick();
@35 tick();
@36 tick();
@37 tick();
@38 tick();
@39 tick();
@40 tick();
@41 tick();
@42 tick();
@0 tick();
@1 tick();
@2 tick();
@3 tick();
@4 tick();
@5 tick();
@6 tick();
@7 tick();
@8 tick();
@9 tick();
@10 tick();
@11 tick();
@12 tick();
@13 tick();
@14 tick();
@0 tick();
@1 tick();
@2 tick();
@3 tick();
@3 Use("dodo2.txt", "marketing", "Wei-En Hsieh");
@4 tick();
@5 tick();
@6 tick();
@7 tick();
@8 tick();
@8 Use("Ubermensch.txt", "marketing", "anonymous");
@9 tick();
@10 tick();
@11 tick();
@12 tick();
@13 tick();
@14 tick();
@15 tick();
@16 tick();
@17 tick();
@17 Use("dodo2.txt", "marketing", "Wei-En Hsieh");
@18 tick();
@19 tick();
@20 tick();
@21 tick();
@22 tick();
@23 tick();
@24 tick();
@25 tick();
@26 tick();
@27 tick();
@27 Collect("dodo2.txt", "marketing");
@28 tick();
@29 tick();
@30 tick();
@31 tick();
@32 tick();
@33 tick();
@34 tick();
@35 tick();
@36 tick();
@37 tick();
@38 tick();
@39 tick();
@40 tick();
@41 tick();
@42 tick();
@43 tick();
@44 tick();
@45 tick();
@46 tick();
@47 tick();
@48 tick();
@49 tick();
@50 tick();
@51 tick();
@52 tick();
@53 tick();
@54 tick();
@55 tick();
@56 tick();
@57 tick();
@58 tick();
@59 tick();
@60 tick();
@61 tick();
@62 tick();
@63 tick();
@64 tick();
@65 tick();
@0 tick();
@1 tick();
@2 tick();
@3 tick();
@4 tick();
@5 tick();
@6 tick();
@7 tick();
@8 tick();
@9 tick();
@10 tick();
@11 tick();
@12 tick();
@13 tick();
@14 tick();
@15 tick();
@16 tick();
@17 tick();
@18 tick();
@19 tick();
@20 tick();
@21 tick();
@0 tick();
@1 tick();
@2 tick();
@3 tick();
@4 tick();
@5 tick();
@6 tick();
@7 tick();
@7 Use("ayyo.txt", "marketing", "anonymous");
@8 tick();
@9 tick();
@10 tick();
@11 tick();
@12 tick();
@13 tick();
@14 tick();
@15 tick();
@16 tick();
@17 tick();
@18 tick();
@19 tick();
@20 tick();
@21 tick();
@22 tick();
@23 tick();
@24 tick();
@25 tick();
@26 tick();
@27 tick();
@28 tick();
@29 tick();
@29 Use("Empty Document", "marketing", "anonymous");
@30 tick();
@31 tick();
@32 tick();
@33 tick();
@34 tick();
@35 tick();
@36 tick();
@37 tick();
@38 tick();
@39 tick();
@40 tick();
@41 tick();
@42 tick();
@43 tick();
@44 tick();
@45 tick();
@46 tick();
@47 tick();
@48 tick();
@49 tick();
@50 tick();
@51 tick();
@52 tick();
@53 tick();
@54 tick();
@55 tick();
@56 tick();
@56 Use("empty_but_read.txt", "marketing", "anonymous");
@57 tick();
@58 tick();
@59 tick();
@60 tick();
@61 tick();
@62 tick();
@63 tick();
@64 tick();
@65 tick();
@66 tick();
@67 tick();
@67 Use("dodo2.txt", "marketing", "Wei-En Hsieh");
@68 tick();
@69 tick();
@70 tick();
@71 tick();
@72 tick();
@73 tick();
@74 tick();
@75 tick();
@76 tick();
@77 tick();
@78 tick();
@79 tick();
@80 tick();
@81 tick();
@82 tick();
@83 tick();
@84 tick();
@85 tick();
@86 tick();
@87 tick();
@88 tick();
@89 tick();
@90 tick();
@91 tick();
@92 tick();
@93 tick();
@94 tick();
@95 tick();
@96 tick();
@97 tick();
@98 tick();
@99 tick();
@100 tick();
@101 tick();
@102 tick();
@103 tick();
@104 tick();
@105 tick();
@105 Use("ruby.txt", "marketing", "anonymous");
@106 tick();
@107 tick();
@108 tick();
@109 tick();
@110 tick();
@111 tick();
@112 tick();
@113 tick();
@0 tick();
@1 tick();
@2 tick();
@3 tick();
@4 tick();
@5 tick();
@6 tick();
@6 Use("ayyo.txt", "marketing", "anonymous");
@7 tick();
@8 tick();
@9 tick();
@10 tick();
@11 tick();
@12 tick();
@13 tick();
@14 tick();
@15 tick();
@16 tick();
@16 Use("dodo2.txt", "marketing", "Wei-En Hsieh");
@17 tick();
@18 tick();
@19 tick();
@20 tick();
@21 tick();
@22 tick();
@23 tick();
@24 tick();
@25 tick();
@26 tick();
@27 tick();
@28 tick();
@29 tick();
@30 tick();
@31 tick();
@32 tick();
@33 tick();
@34 tick();
@35 tick();
@36 tick();
@37 tick();
@38 tick();
@39 tick();
@40 tick();
@41 tick();
@42 tick();
@43 tick();
@44 tick();
@45 tick();
@46 tick();
@47 tick();
@48 tick();
@49 tick();
@50 tick();
@51 tick();
@52 tick();
@53 tick();
@54 tick();
@55 tick();
@56 tick();
@57 tick();
@58 tick();
@59 tick();
@60 tick();
@61 tick();
@62 tick();
@63 tick();
@64 tick();
@65 tick();
@66 tick();
@67 tick();
@68 tick();
@69 tick();
@70 tick();
@71 tick();
@72 tick();
@73 tick();
@74 tick();
@75 tick();
@76 tick();
@77 tick();
@78 tick();
@79 tick();
@80 tick();
@81 tick();
@82 tick();
@83 tick();
@84 tick();
@85 tick();
@86 tick();
@87 tick();
@88 tick();
@89 tick();
@90 tick();
@91 tick();
@92 tick();
@93 tick();
@94 tick();
@95 tick();
@96 tick();
@97 tick();
@98 tick();
@99 tick();
@100 tick();
@101 tick();
@102 tick();
@103 tick();
@104 tick();
@105 tick();
@106 tick();
@107 tick();
@108 tick();
@109 tick();
@110 tick();
@111 tick();
@112 tick();
@113 tick();
@114 tick();
@115 tick();
@116 tick();
@117 tick();
@118 tick();
@119 tick();
@120 tick();
@121 tick();
@122 tick();
@123 tick();
@124 tick();
@125 tick();
@126 tick();
@127 tick();
@128 tick();
@129 tick();
@130 tick();
@131 tick();
@132 tick();
@133 tick();
@134 tick();
@135 tick();
@136 tick();
@137 tick();
@138 tick();
@139 tick();
@140 tick();
@141 tick();
@142 tick();
@143 tick();
@144 tick();
@145 tick();
@146 tick();
@147 tick();
@148 tick();
@149 tick();
@150 tick();
@151 tick();
@152 tick();
@153 tick();
@154 tick();
@155 tick();
@156 tick();
@157 tick();
@158 tick();
@159 tick();
@160 tick();
@161 tick();
@162 tick();
@163 tick();
@164 tick();
@165 tick();
@166 tick();
@167 tick();
@168 tick();
@169 tick();
@170 tick();
@171 tick();
@172 tick();
@173 tick();
@174 tick();
@175 tick();
@176 tick();
@177 tick();
@178 tick();
@179 tick();
@180 tick();
@181 tick();
@182 tick();
@183 tick();
@184 tick();
@185 tick();
@186 tick();
@187 tick();
@188 tick();
@189 tick();
@190 tick();
@191 tick();
@192 tick();
@193 tick();
@194 tick();
@195 tick();
@196 tick();
@197 tick();
@198 tick();
@199 tick();
@200 tick();
@201 tick();
@202 tick();
@203 tick();
@204 tick();
@205 tick();
@206 tick();
@207 tick();
@208 tick();
@209 tick();
@210 tick();
@211 tick();
@212 tick();
@213 tick();
@214 tick();
@215 tick();
@216 tick();
@217 tick();
@218 tick();
@219 tick();
@220 tick();
@221 tick();
@222 tick();
@223 tick();
@224 tick();
@225 tick();
@226 tick();
@227 tick();
@228 tick();
@229 tick();
@230 tick();
@231 tick();
@232 tick();
@233 tick();
@234 tick();
@235 tick();
@236 tick();
@237 tick();
@238 tick();
@239 tick();
@240 tick();
@241 tick();
@242 tick();
@243 tick();
@244 tick();
@245 tick();
@246 tick();
@247 tick();
@248 tick();
@249 tick();
@250 tick();
@251 tick();
@252 tick();
@253 tick();
@254 tick();
@255 tick();
@256 tick();
@257 tick();
@258 tick();
@259 tick();
@260 tick();
@261 tick();
@262 tick();
@263 tick();
@264 tick();
@265 tick();
@266 tick();
@267 tick();
@268 tick();
@269 tick();
@270 tick();
@271 tick();
@272 tick();
@273 tick();
@274 tick();
@275 tick();
@276 tick();
@277 tick();
@278 tick();
@279 tick();
@280 tick();
@281 tick();
@282 tick();
@283 tick();
@284 tick();
@285 tick();
@286 tick();
@287 tick();
@288 tick();
@289 tick();
@290 tick();
@291 tick();
@292 tick();
@293 tick();
@0 tick();
@1 tick();
@2 tick();
@3 tick();
@4 tick();
@5 tick();
@6 tick();
@6 Use("Does_fait_dodo.txt", "marketing", "John Doe");
@7 tick();
@8 tick();
@9 tick();
@10 tick();
@11 tick();
@12 tick();
@13 tick();
@14 tick();
@15 tick();
@16 tick();
@17 tick();
@18 tick();
@19 tick();
@20 tick();
@21 tick();
@22 tick();
@23 tick();
@24 tick();
@25 tick();
@25 Use("empty_but_read.txt", "marketing", "anonymous");
@26 tick();
@27 tick();
@28 tick();
@29 tick();
@30 tick();
@31 tick();
@32 tick();
@33 tick();
@34 tick();
@35 tick();
@36 tick();
@37 tick();
@38 tick();
@39 tick();
@40 tick();
@41 tick();
@42 tick();
@43 tick();
@44 tick();
@45 tick();
@46 tick();
@47 tick();
@48 tick();
@49 tick();
@50 tick();
@51 tick();
@52 tick();
@53 tick();
@54 tick();
@55 tick();
@56 tick();
@57 tick();
@58 tick();
@59 tick();
@60 tick();
@61 tick();
@62 tick();
@63 tick();
@64 tick();
@65 tick();
@66 tick();
@67 tick();
@68 tick();
@69 tick();
@70 tick();
@71 tick();
@72 tick();
@73 tick();
@74 tick();
@75 tick();
@76 tick();
@77 tick();
@78 tick();
@79 tick();
@80 tick();
@81 tick();
@82 tick();
@83 tick();
@84 tick();
@85 tick();
@86 tick();
@87 tick();
@88 tick();
@89 tick();
@90 tick();
@91 tick();
@92 tick();
@93 tick();
@94 tick();
@95 tick();
@96 tick();
@97 tick();
@98 tick();
@99 tick();
@100 tick();
@101 tick();
@102 tick();
@103 tick();
@104 tick();
@105 tick();
@106 tick();
@107 tick();
@108 tick();
@109 tick();
@110 tick();
@111 tick();
@112 tick();
@113 tick();
@114 tick();
@115 tick();
@116 tick();
@117 tick();
@118 tick();
@119 tick();
@120 tick();
@121 tick();
@122 tick();
@123 tick();
@124 tick();
@125 tick();
@126 tick();
@127 tick();
@128 tick();
@129 tick();
@130 tick();
@131 tick();
@132 tick();
@133 tick();
@134 tick();
@135 tick();
@136 tick();
@137 tick();
@138 tick();
@139 tick();
@140 tick();
@141 tick();
@142 tick();
@143 tick();
@144 tick();
@145 tick();
@146 tick();
@147 tick();
@148 tick();
@149 tick();
@150 tick();
@151 tick();
@152 tick();
@153 tick();
@154 tick();
@155 tick();
@156 tick();
@157 tick();
@158 tick();
@159 tick();
@160 tick();
@161 tick();
@162 tick();
@163 tick();
@164 tick();
@165 tick();
@166 tick();
@167 tick();
@168 tick();
@169 tick();
@170 tick();
@171 tick();
@172 tick();
@173 tick();
@174 tick();
@175 tick();
@176 tick();
@177 tick();
@178 tick();
@179 tick();
@180 tick();
@181 tick();
@182 tick();
@183 tick();
@184 tick();
@185 tick();
@186 tick();
@187 tick();
@188 tick();
@189 tick();
@190 tick();
@191 tick();
@192 tick();
@193 tick();
@194 tick();
@195 tick();
@196 tick();
@197 tick();
@198 tick();
@199 tick();
@200 tick();
@201 tick();
@202 tick();
@203 tick();
@204 tick();
@205 tick();
@206 tick();
@207 tick();
@0 tick();
@1 tick();
@2 tick();
@3 tick();
@4 tick();
@4 Use("dodo2.txt", "marketing", "Wei-En Hsieh");
@5 tick();
@6 tick();
@7 tick();
@8 tick();
@9 tick();
@10 tick();
@11 tick();
@12 tick();
@13 tick();
@14 tick();
@15 tick();
@16 tick();
@17 tick();
@18 tick();
@19 tick();
@20 tick();
@21 tick();
@22 tick();
@23 tick();
@24 tick();
@25 tick();
@26 tick();
@27 tick();
@28 tick();
@29 tick();
@30 tick();
@31 tick();
@32 tick();
@33 tick();
@34 tick();
@35 tick();
@36 tick();
@37 tick();
@38 tick();
@39 tick();
@40 tick();
@41 tick();
@42 tick();
@43 tick();
@44 tick();
@45 tick();
@46 tick();
@47 tick();
@48 tick();
@49 tick();
@50 tick();
@51 tick();
@52 tick();
@53 tick();
@54 tick();
@55 tick();
@56 tick();
@57 tick();
@58 tick();
@59 tick();
@60 tick();
@61 tick();
@62 tick();
@63 tick();
@64 tick();
@65 tick();
@66 tick();
@67 tick();
@68 tick();
@69 tick();
@70 tick();
@71 tick();
@72 tick();
@73 tick();
@0 tick();
@1 tick();
@2 tick();
@3 tick();
@4 tick();
@5 tick();
@6 tick();
@7 tick();
@8 tick();
@9 tick();
@10 tick();
@11 tick();
@12 tick();
@13 tick();
@14 tick();
@15 tick();
@16 tick();
@17 tick();
@18 tick();
@19 tick();
@20 tick();
@21 tick();
@22 tick();
@23 tick();
@24 tick();
@25 tick();
@26 tick();
@27 tick();
@28 tick();
@29 tick();
@30 tick();
@31 tick();
@32 tick();
@0 tick();
@0 tick();
@0 tick();
@1 tick();
@2 tick();
@3 tick();
@4 tick();
@0 tick();
@1 tick();
@2 tick();
@3 tick();
@4 tick();
@5 tick();
@6 tick();
@7 tick();
@8 tick();
@9 tick();
@10 tick();
@11 tick();
@12 tick();
@13 tick();
@14 tick();
@15 tick();
@16 tick();
@17 tick();
@18 tick();
@19 tick();
@20 tick();
@21 tick();
@22 tick();
@23 tick();
@24 tick();
@25 tick();
@26 tick();
@27 tick();
@28 tick();
@29 tick();
@30 tick();
@31 tick();
@32 tick();
@33 tick();
@34 tick();
@35 tick();
@36 tick();
@37 tick();
@0 tick();
@1 tick();
@2 tick();
@3 tick();
@4 tick();
@5 tick();
@6 tick();
@7 tick();
@8 tick();
@9 tick();
@10 tick();
@11 tick();
@12 tick();
@13 tick();
@14 tick();
@15 tick();
@16 tick();
@17 tick();
@18 tick();
@0 tick();
@1 tick();
@2 tick();
@3 tick();
@4 tick();
@5 tick();
@6 tick();
@7 tick();
@7 Use("dodo2.txt", "marketing", "Wei-En Hsieh");
@8 tick();
@9 tick();
@10 tick();
@11 tick();
@12 tick();
@13 tick();
@14 tick();
@15 tick();
@16 tick();
@17 tick();
@18 tick();
@19 tick();
@20 tick();
@21 tick();
@22 tick();
@23 tick();
@24 tick();
@25 tick();
@26 tick();
@27 tick();
@28 tick();
@29 tick();
@30 tick();
@31 tick();
@32 tick();
@32 Use("ayyo.txt", "marketing", "anonymous");
@33 tick();
@34 tick();
@35 tick();
@36 tick();
@37 tick();
@38 tick();
@39 tick();
@40 tick();
@41 tick();
@42 tick();
@43 tick();
@44 tick();
@0 tick();
@1 tick();
@2 tick();
@3 tick();
@4 tick();
@5 tick();
@6 tick();
@7 tick();
@8 tick();
@9 tick();
@10 tick();
@11 tick();
@12 tick();
@13 tick();
@14 tick();
@15 tick();
@16 tick();
@17 tick();
@18 tick();
@19 tick();
@20 tick();
@21 tick();
@22 tick();
@23 tick();
@24 tick();
@25 tick();
@26 tick();
@27 tick();
@28 tick();
@29 tick();
@30 tick();
@31 tick();
@32 tick();
@33 tick();
@33 Use("Empty Document", "marketing", "anonymous");
@34 tick();
@35 tick();
@36 tick();
@37 tick();
@38 tick();
@39 tick();
@40 tick();
@41 tick();
@42 tick();
@43 tick();
@44 tick();
@45 tick();
@46 tick();
@47 tick();
@48 tick();
@49 tick();
@50 tick();
@51 tick();
@52 tick();
@53 tick();
@54 tick();
@55 tick();
@56 tick();
@57 tick();
@58 tick();
@59 tick();
@60 tick();
@61 tick();
@62 tick();
@63 tick();
@64 tick();
@65 tick();
@66 tick();
@67 tick();
@67 Use("Does_fait_dodo.txt", "marketing", "John Doe");
@68 tick();
@69 tick();
@70 tick();
@71 tick();
@72 tick();
@73 tick();
@74 tick();
@75 tick();
@76 tick();
@77 tick();
@78 tick();
@79 tick();
@80 tick();
@81 tick();
@82 tick();
@83 tick();
@84 tick();
@85 tick();
@86 tick();
@87 tick();
@88 tick();
@89 tick();
@90 tick();
@91 tick();
@92 tick();
@93 tick();
@94 tick();
@95 tick();
@96 tick();
@97 tick();
@98 tick();
@99 tick();
@100 tick();
@101 tick();
@102 tick();
@103 tick();
@104 tick();
@105 tick();
@106 tick();
@107 tick();
@108 tick();
@109 tick();
@110 tick();
@111 tick();
@112 tick();
@113 tick();
@114 tick();
@115 tick();
@116 tick();
@117 tick();
@118 tick();
@119 tick();
@120 tick();
@121 tick();
@122 tick();
@123 tick();
@124 tick();
@125 tick();
@126 tick();
@0 tick();
@1 tick();
@2 tick();
@3 tick();
@4 tick();
@5 tick();
@6 tick();
@7 tick();
@8 tick();
@9 tick();
@10 tick();
@11 tick();
@12 tick();
@12 Use("Does_fait_dodo.txt", "marketing", "John Doe");
@13 tick();
@14 tick();
@15 tick();
@16 tick();
@17 tick();
@18 tick();
@19 tick();
@20 tick();
@21 tick();
@22 tick();
@23 tick();
@24 tick();
@25 tick();
@26 tick();
@27 tick();
@28 tick();
@29 tick();
@30 tick();
@31 tick();
@32 tick();
@33 tick();
@34 tick();
@35 tick();
@36 tick();
@37 tick();
@38 tick();
@39 tick();
@40 tick();
@41 tick();
@42 tick();
@43 tick();
@44 tick();
@45 tick();
@46 tick();
@47 tick();
@48 tick();
@49 tick();
@50 tick();
@51 tick();
@52 tick();
@53 tick();
@54 tick();
@55 tick();
@56 tick();
@57 tick();
@58 tick();
@59 tick();
@60 tick();
@61 tick();
@62 tick();
@63 tick();
@64 tick();
@65 tick();
@66 tick();
@67 tick();
@68 tick();
@69 tick();
@70 tick();
@71 tick();
@72 tick();
@73 tick();
@74 tick();
@75 tick();
@76 tick();
@77 tick();
@78 tick();
@79 tick();
@80 tick();
@81 tick();
@82 tick();
@83 tick();
@84 tick();
@85 tick();
@86 tick();
@87 tick();
@88 tick();
@89 tick();
@90 tick();
@91 tick();
@92 tick();
@93 tick();
@94 tick();
@95 tick();
@95 Use("Ubermensch.txt", "marketing", "anonymous");
@96 tick();
@97 tick();
@98 tick();
@99 tick();
@100 tick();
@101 tick();
@102 tick();
@103 tick();
@104 tick();
@105 tick();
@106 tick();
@107 tick();
@108 tick();
@109 tick();
@110 tick();
@111 tick();
@112 tick();
@113 tick();
@114 tick();
@115 tick();
@116 tick();
@117 tick();
@118 tick();
@119 tick();
@120 tick();
@121 tick();
@122 tick();
@123 tick();
@124 tick();
@0 tick();
@1 tick();
@2 tick();
@3 tick();
@4 tick();
@5 tick();
@5 Use("Empty Document", "marketing", "anonymous");
@6 tick();
@7 tick();
@8 tick();
@9 tick();
@10 tick();
@11 tick();
@12 tick();
@13 tick();
@14 tick();
@15 tick();
@16 tick();
@17 tick();
@18 tick();
@19 tick();
@20 tick();
@21 tick();
@22 tick();
@23 tick();
@24 tick();
@25 tick();
@26 tick();
@27 tick();
@28 tick();
@29 tick();
@30 tick();
@31 tick();
@32 tick();
@33 tick();
@34 tick();
@35 tick();
@36 tick();
@37 tick();
@38 tick();
@39 tick();
@40 tick();
@41 tick();
@42 tick();
@43 tick();
@44 tick();
@45 tick();
@46 tick();
@47 tick();
@48 tick();
@49 tick();
@50 tick();
@51 tick();
@52 tick();
@53 tick();
@54 tick();
@55 tick();
@56 tick();
@57 tick();
@58 tick();
@59 tick();
@60 tick();
@61 tick();
@62 tick();
@63 tick();
@64 tick();
@65 tick();
@66 tick();
@67 tick();
@0 tick();
@1 tick();
@2 tick();
@3 tick();
@4 tick();
@5 tick();
@6 tick();
@7 tick();
@8 tick();
@8 Use("Does_fait_dodo.txt", "marketing", "John Doe");
@9 tick();
@10 tick();
@11 tick();
@12 tick();
@13 tick();
@14 tick();
@15 tick();
@16 tick();
@17 tick();
@18 tick();
@19 tick();
@20 tick();
@21 tick();
@22 tick();
@23 tick();
@24 tick();
@25 tick();
@26 tick();
@27 tick();
@28 tick();
@29 tick();
@30 tick();
@31 tick();
@32 tick();
@33 tick();
@34 tick();
@35 tick();
@36 tick();
@37 tick();
@38 tick();
@39 tick();
@40 tick();
@41 tick();
@42 tick();
@43 tick();
@44 tick();
@45 tick();
@46 tick();
@47 tick();
@48 tick();
@49 tick();
@50 tick();
@51 tick();
@52 tick();
@53 tick();
@54 tick();
@55 tick();
@56 tick();
@57 tick();
@58 tick();
@59 tick();
@60 tick();
@61 tick();
@62 tick();
@63 tick();
@64 tick();
@65 tick();
@66 tick();
@0 tick();
@1 tick();
@2 tick();
@3 tick();
@4 tick();
@5 tick();
@5 Use("dodo2.txt", "marketing", "Wei-En Hsieh");
@6 tick();
@7 tick();
@8 tick();
@9 tick();
@10 tick();
@11 tick();
@12 tick();
@13 tick();
@14 tick();
@15 tick();
@16 tick();
@17 tick();
@18 tick();
@19 tick();
@20 tick();
@21 tick();
@22 tick();
@23 tick();
@24 tick();
@25 tick();
@26 tick();
@27 tick();
@28 tick();
@29 tick();
@30 tick();
@31 tick();
@32 tick();
@33 tick();
@34 tick();
@35 tick();
@36 tick();
@37 tick();
@38 tick();
@39 tick();
@39 Use("test_write2.txt", "marketing", "anonymous");
@40 tick();
@41 tick();
@42 tick();
@43 tick();
@44 tick();
@45 tick();
@46 tick();
@47 tick();
@48 tick();
@49 tick();
@50 tick();
@51 tick();
@52 tick();
@53 tick();
@54 tick();
@55 tick();
@56 tick();
@57 tick();
@58 tick();
@59 tick();
@60 tick();
@61 tick();
@62 tick();
@63 tick();
@64 tick();
@65 tick();
@66 tick();
@67 tick();
@68 tick();
@69 tick();
@70 tick();
@71 tick();
@72 tick();
@73 tick();
@74 tick();
@75 tick();
@76 tick();
@77 tick();
@78 tick();
@79 tick();
@80 tick();
@81 tick();
@82 tick();
@83 tick();
@84 tick();
@85 tick();
@86 tick();
@87 tick();
@88 tick();
@0 tick();
@1 tick();
@2 tick();
@3 tick();
@4 tick();
@5 tick();
@6 tick();
@7 tick();
@8 tick();
@9 tick();
@10 tick();
@11 tick();
@11 Use("dodo2.txt", "marketing", "Wei-En Hsieh");
@12 tick();
@13 tick();
@14 tick();
@15 tick();
@16 tick();
@17 tick();
@18 tick();
@19 tick();
@20 tick();
@21 tick();
@22 tick();
@23 tick();
@24 tick();
@25 tick();
@26 tick();
@27 tick();
@28 tick();
@29 tick();
@30 tick();
@31 tick();
@32 tick();
@33 tick();
@34 tick();
@35 tick();
@36 tick();
@37 tick();
@38 tick();
@39 tick();
@40 tick();
@41 tick();
@42 tick();
@43 tick();
@44 tick();
@45 tick();
@46 tick();
@47 tick();
@48 tick();
@49 tick();
@50 tick();
@51 tick();
@52 tick();
@53 tick();
@54 tick();
@55 tick();
@56 tick();
@57 tick();
@58 tick();
@59 tick();
@60 tick();
@61 tick();
@62 tick();
@63 tick();
@64 tick();
@65 tick();
@66 tick();
@67 tick();
@68 tick();
@69 tick();
@70 tick();
@71 tick();
@72 tick();
@73 tick();
@74 tick();
@75 tick();
@76 tick();
@77 tick();
@78 tick();
@79 tick();
@80 tick();
@81 tick();
@82 tick();
@83 tick();
@84 tick();
@85 tick();
@86 tick();
@87 tick();
@88 tick();
@89 tick();
@90 tick();
@91 tick();
@92 tick();
@93 tick();
@94 tick();
@95 tick();
@96 tick();
@97 tick();
@98 tick();
@99 tick();
@100 tick();
@101 tick();
@0 tick();
@1 tick();
@2 tick();
@3 tick();
@4 tick();
@5 tick();
@6 tick();
@7 tick();
@8 tick();
@9 tick();
@10 tick();
@11 tick();
@12 tick();
@13 tick();
@14 tick();
@15 tick();
@16 tick();
@17 tick();
@18 tick();
@19 tick();
@20 tick();
@21 tick();
@22 tick();
@23 tick();
@24 tick();
@25 tick();
@26 tick();
@27 tick();
@28 tick();
@29 tick();
@30 tick();
@31 tick();
@32 tick();
@33 tick();
@34 tick();
@35 tick();
@36 tick();
@37 tick();
@38 tick();
@39 tick();
@40 tick();
@41 tick();
@42 tick();
@43 tick();
@44 tick();
@45 tick();
@46 tick();
@47 tick();
@48 tick();
@49 tick();
@50 tick();
@51 tick();
@52 tick();
@53 tick();
@54 tick();
@55 tick();
@56 tick();
@57 tick();
@58 tick();
@59 tick();
@60 tick();
@61 tick();
@62 tick();
@63 tick();
@64 tick();
@65 tick();
@66 tick();
@67 tick();
@68 tick();
@69 tick();
@70 tick();
@71 tick();
@72 tick();
@73 tick();
@74 tick();
@75 tick();
@76 tick();
@77 tick();
@78 tick();
@79 tick();
@80 tick();
@81 tick();
@82 tick();
@83 tick();
@84 tick();
@85 tick();
@86 tick();
@87 tick();
@88 tick();
@89 tick();
@90 tick();
@90 Collect("is_empty.txt", "marketing");
@90 Use("is_empty.txt", "marketing", "anonymous");
@91 tick();
@92 tick();
@93 tick();
@94 tick();
@95 tick();
@96 tick();
@97 tick();
@98 tick();
@99 tick();
@100 tick();
@101 tick();
@102 tick();
@103 tick();
@104 tick();
@105 tick();
@106 tick();
@107 tick();
@108 tick();
@109 tick();
@110 tick();
@111 tick();
@112 tick();
@113 tick();
@114 tick();
@115 tick();
@116 tick();
@117 tick();
@118 tick();
@119 tick();
@120 tick();
@121 tick();
@122 tick();
@123 tick();
@124 tick();
@125 tick();
@126 tick();
@127 tick();
@127 Collect("is_empty.txt", "marketing");
@128 tick();
@129 tick();
@130 tick();
@131 tick();
@132 tick();
@133 tick();
@134 tick();
@135 tick();
@136 tick();
@137 tick();
@138 tick();
@139 tick();
@140 tick();
@141 tick();
@142 tick();
@143 tick();
@144 tick();
@144 Collect("is_empty.txt", "marketing");
@145 tick();
@146 tick();
@147 tick();
@148 tick();
@149 tick();
@150 tick();
@151 tick();
@152 tick();
@153 tick();
@154 tick();
@155 tick();
@156 tick();
@157 tick();
@158 tick();
@159 tick();
@160 tick();
@161 tick();
@162 tick();
@163 tick();
@164 tick();
@165 tick();
@166 tick();
@166 Collect("is_empty.txt", "marketing");
@167 tick();
@168 tick();
@169 tick();
@170 tick();
@171 tick();
@172 tick();
@173 tick();
@174 tick();
@175 tick();
@176 tick();
@177 tick();
@178 tick();
@179 tick();
@180 tick();
@181 tick();
@181 Use("is_empty.txt", "marketing", "anonymous");
@182 tick();
@183 tick();
@184 tick();
@185 tick();
@186 tick();
@187 tick();
@188 tick();
@189 tick();
@190 tick();
@191 tick();
@192 tick();
@193 tick();
@194 tick();
@195 tick();
@196 tick();
@197 tick();
@198 tick();
@199 tick();
@200 tick();
@201 tick();
@202 tick();
@203 tick();
@204 tick();
@205 tick();
@206 tick();
@207 tick();
@208 tick();
@209 tick();
@210 tick();
@211 tick();
@212 tick();
@213 tick();
@214 tick();
@215 tick();
@216 tick();
@217 tick();
@218 tick();
@219 tick();
@220 tick();
@221 tick();
@222 tick();
@223 tick();
@224 tick();
@225 tick();
@225 Collect("Empty Document (2)", "marketing");
@225 Use("Empty Document (2)", "marketing", "anonymous");
@226 tick();
@227 tick();
@228 tick();
@229 tick();
@230 tick();
@231 tick();
@232 tick();
@233 tick();
@234 tick();
@235 tick();
@236 tick();
@237 tick();
@238 tick();
@239 tick();
@240 tick();
@241 tick();
@242 tick();
@243 tick();
@244 tick();
@245 tick();
@246 tick();
@247 tick();
@248 tick();
@249 tick();
@250 tick();
@251 tick();
@252 tick();
@253 tick();
@254 tick();
@255 tick();
@256 tick();
@257 tick();
@258 tick();
@259 tick();
@260 tick();
@261 tick();
@262 tick();
@263 tick();
@264 tick();
@265 tick();
@266 tick();
@267 tick();
@268 tick();
@269 tick();
@270 tick();
@271 tick();
@272 tick();
@273 tick();
@274 tick();
@275 tick();
@276 tick();
@277 tick();
@278 tick();
@279 tick();
@280 tick();
@281 tick();
@282 tick();
@283 tick();
@284 tick();
@285 tick();
@286 tick();
@287 tick();
@288 tick();
@289 tick();
@290 tick();
@291 tick();
@292 tick();
@293 tick();
@294 tick();
@295 tick();
@296 tick();
@297 tick();
@298 tick();
@299 tick();
@300 tick();
@301 tick();
@302 tick();
@303 tick();
@304 tick();
@305 tick();
@306 tick();
@307 tick();
@308 tick();
@309 tick();
@310 tick();
@311 tick();
@312 tick();
@313 tick();
@314 tick();
@315 tick();
@316 tick();
@317 tick();
@318 tick();
@319 tick();
@320 tick();
@321 tick();
@322 tick();
@323 tick();
@324 tick();
@325 tick();
@326 tick();
@327 tick();
@328 tick();
@329 tick();
@330 tick();
@331 tick();
@332 tick();
@333 tick();
@334 tick();
@335 tick();
@336 tick();
@337 tick();
@338 tick();
@339 tick();
@340 tick();
@0 tick();
@1 tick();
@2 tick();
@3 tick();
@4 tick();
@5 tick();
@6 tick();
@7 tick();
@8 tick();
@9 tick();
@10 tick();
@11 tick();
@12 tick();
@13 tick();
@14 tick();
@15 tick();
@16 tick();
@17 tick();
@18 tick();
@19 tick();
@19 Collect("empty.txt", "marketing");
@20 tick();
@21 tick();
@22 tick();
@23 tick();
@24 tick();
@25 tick();
@26 tick();
@27 tick();
@28 tick();
@29 tick();
@30 tick();
@31 tick();
@32 tick();
@33 tick();
@34 tick();
@35 tick();
@36 tick();
@37 tick();
@38 tick();
@39 tick();
@40 tick();
@41 tick();
@42 tick();
@43 tick();
@44 tick();
@45 tick();
@46 tick();
@47 tick();
@48 tick();
@49 tick();
@50 tick();
@51 tick();
@52 tick();
@53 tick();
@54 tick();
@55 tick();
@56 tick();
@57 tick();
@58 tick();
@59 tick();
@60 tick();
@61 tick();
@62 tick();
@63 tick();
@64 tick();
@65 tick();
@66 tick();
@67 tick();
@68 tick();
@69 tick();
@70 tick();
@71 tick();
@72 tick();
@73 tick();
@74 tick();
@75 tick();
@76 tick();
@77 tick();
@78 tick();
@79 tick();
@80 tick();
@81 tick();
@82 tick();
@83 tick();
@84 tick();
@85 tick();
@86 tick();
@87 tick();
@88 tick();
@89 tick();
@90 tick();
@91 tick();
@92 tick();
@93 tick();
@94 tick();
@95 tick();
@96 tick();
@97 tick();
@98 tick();
@99 tick();
@100 tick();
@101 tick();
@101 Collect("empty_doc.txt", "marketing");
@102 tick();
@103 tick();
@104 tick();
@105 tick();
@106 tick();
@107 tick();
@108 tick();
@109 tick();
@110 tick();
@111 tick();
@112 tick();
@113 tick();
@114 tick();
@115 tick();
@116 tick();
@117 tick();
@118 tick();
@119 tick();
@120 tick();
@121 tick();
@122 tick();
@123 tick();
@124 tick();
@125 tick();
@126 tick();
@127 tick();
@128 tick();
@129 tick();
@130 tick();
@131 tick();
@132 tick();
@133 tick();
@134 tick();
@135 tick();
@136 tick();
@137 tick();
@138 tick();
@139 tick();
@140 tick();
@141 tick();
@142 tick();
@143 tick();
@144 tick();
@145 tick();
@146 tick();
@147 tick();
@148 tick();
@149 tick();
@150 tick();
@151 tick();
@152 tick();
@153 tick();
@154 tick();
@155 tick();
@156 tick();
@157 tick();
@158 tick();
@159 tick();
@160 tick();
@161 tick();
@162 tick();
@163 tick();
@164 tick();
@165 tick();
@166 tick();
@167 tick();
@168 tick();
@169 tick();
@170 tick();
@171 tick();
@172 tick();
@173 tick();
@174 tick();
@175 tick();
@176 tick();
@177 tick();
@178 tick();
@179 tick();
@180 tick();
@181 tick();
@182 tick();
@183 tick();
@184 tick();
@185 tick();
@186 tick();
@187 tick();
@188 tick();
@189 tick();
@190 tick();
@191 tick();
@192 tick();
@193 tick();
@193 Collect("hello.txt", "marketing");
@194 tick();
@195 tick();
@196 tick();
@197 tick();
@198 tick();
@199 tick();
@200 tick();
@201 tick();
@202 tick();
@203 tick();
@204 tick();
@205 tick();
@206 tick();
@207 tick();
@208 tick();
@209 tick();
@209 Use("empty.txt", "marketing", "anonymous");
@210 tick();
@211 tick();
@212 tick();
@213 tick();
@214 tick();
@215 tick();
@216 tick();
@217 tick();
@218 tick();
@219 tick();
@220 tick();
@221 tick();
@222 tick();
@223 tick();
@224 tick();
@225 tick();
@226 tick();
@227 tick();
@228 tick();
@229 tick();
@230 tick();
@231 tick();
@232 tick();
@233 tick();
@234 tick();
@235 tick();
@236 tick();
@237 tick();
@238 tick();
@239 tick();
@240 tick();
@241 tick();
@242 tick();
@243 tick();
@244 tick();
@245 tick();
@246 tick();
@247 tick();
@248 tick();
@249 tick();
@250 tick();
@251 tick();
@252 tick();
@253 tick();
@254 tick();
@255 tick();
@256 tick();
@257 tick();
@258 tick();
@259 tick();
@260 tick();
@261 tick();
@262 tick();
@263 tick();
@264 tick();
@265 tick();
@266 tick();
@267 tick();
@268 tick();
@269 tick();
@270 tick();
@271 tick();
@272 tick();
@273 tick();
@274 tick();
@275 tick();
@276 tick();
@277 tick();
@278 tick();
@279 tick();
@280 tick();
@281 tick();
@282 tick();
@283 tick();
@284 tick();
@285 tick();
@286 tick();
@287 tick();
@288 tick();
@289 tick();
@290 tick();
@291 tick();
@292 tick();
@293 tick();
@294 tick();
@295 tick();
@296 tick();
@297 tick();
@298 tick();
@299 tick();
@300 tick();
@301 tick();
@302 tick();
@303 tick();
@304 tick();
@305 tick();
@306 tick();
@307 tick();
@308 tick();
@309 tick();
@0 tick();
@1 tick();
@2 tick();
@3 tick();
@4 tick();
@5 tick();
@6 tick();
@7 tick();
@8 tick();
@9 tick();
@10 tick();
@11 tick();
@12 tick();
@13 tick();
@14 tick();
@15 tick();
@16 tick();
@17 tick();
@18 tick();
@19 tick();
@20 tick();
@21 tick();
@22 tick();
@23 tick();
@24 tick();
@25 tick();
@26 tick();
@27 tick();
@28 tick();
@29 tick();
@30 tick();
@31 tick();
@32 tick();
@33 tick();
@34 tick();
@35 tick();
@36 tick();
@37 tick();
@38 tick();
@39 tick();
@40 tick();
@41 tick();
@42 tick();
@43 tick();
@44 tick();
@44 Collect("do.txt", "marketing");
@45 tick();
@46 tick();
@47 tick();
@48 tick();
@49 tick();
@50 tick();
@51 tick();
@52 tick();
@53 tick();
@54 tick();
@55 tick();
@56 tick();
@57 tick();
@58 tick();
@59 tick();
@60 tick();
@61 tick();
@62 tick();
@63 tick();
@64 tick();
@65 tick();
@66 tick();
@67 tick();
@68 tick();
@69 tick();
@70 tick();
@71 tick();
@72 tick();
@73 tick();
@74 tick();
@75 tick();
@76 tick();
@77 tick();
@78 tick();
@79 tick();
@80 tick();
@81 tick();
@82 tick();
@83 tick();
@84 tick();
@85 tick();
@86 tick();
@87 tick();
@88 tick();
@89 tick();
@90 tick();
@91 tick();
@92 tick();
@93 tick();
@94 tick();
@95 tick();
@96 tick();
@97 tick();
@98 tick();
@99 tick();
@100 tick();
@101 tick();
@102 tick();
@103 tick();
@104 tick();
@105 tick();
@106 tick();
@107 tick();
@108 tick();
@109 tick();
@110 tick();
@111 tick();
@112 tick();
@113 tick();
@114 tick();
@115 tick();
@116 tick();
@0 tick();
@1 tick();
@2 tick();
@3 tick();
@4 tick();
@5 tick();
@6 tick();
@7 tick();
@8 tick();
@8 Use("do.txt", "marketing", "anonymous");
@9 tick();
@10 tick();
@11 tick();
@12 tick();
@13 tick();
@14 tick();
@15 tick();
@16 tick();
@17 tick();
@18 tick();
@19 tick();
@20 tick();
@20 Use("do.txt", "marketing", "anonymous");
@21 tick();
@22 tick();
@23 tick();
@24 tick();
@25 tick();
@26 tick();
@27 tick();
@28 tick();
@29 tick();
@30 tick();
@31 tick();
@32 tick();
@33 tick();
@34 tick();
@35 tick();
@36 tick();
@37 tick();
@38 tick();
@38 Collect("do.txt", "marketing");
@39 tick();
@40 tick();
@41 tick();
@42 tick();
@43 tick();
@44 tick();
@45 tick();
@46 tick();
@47 tick();
@48 tick();
@49 tick();
@50 tick();
@51 tick();
@52 tick();
@53 tick();
@54 tick();
@55 tick();
@55 Use("do.txt", "marketing", "Wei-En Hsieh");
@56 tick();
@57 tick();
@58 tick();
@59 tick();
@60 tick();
@61 tick();
@62 tick();
@63 tick();
@0 tick();
@1 tick();
@2 tick();
@3 tick();
@4 tick();
@5 tick();
@6 tick();
@7 tick();
@8 tick();
@9 tick();
@10 tick();
@11 tick();
@12 tick();
@13 tick();
@14 tick();
@15 tick();
@16 tick();
@17 tick();
@18 tick();
@19 tick();
@20 tick();
@21 tick();
@22 tick();
@23 tick();
@24 tick();
@25 tick();
@26 tick();
@27 tick();
@28 tick();
@29 tick();
@30 tick();
@31 tick();
@32 tick();
@33 tick();
@0 tick();
@1 tick();
@2 tick();
@3 tick();
@4 tick();
@4 Use("do.txt", "marketing", "Wei-En Hsieh") Use("do.txt", "marketing", "John Doe");
@5 tick();
@6 tick();
@7 tick();
@8 tick();
@9 tick();
@10 tick();
@11 tick();
@12 tick();
@13 tick();
@14 tick();
@15 tick();
@16 tick();
@17 tick();
@18 tick();
@19 tick();
@20 tick();
@21 tick();
@22 tick();
@23 tick();
@24 tick();
@25 tick();
@26 tick();
@27 tick();
@28 tick();
@29 tick();
@30 tick();
@31 tick();
@32 tick();
@33 tick();
@34 tick();
@35 tick();
@36 tick();
@37 tick();
@38 tick();
@39 tick();
@40 tick();
@41 tick();
@42 tick();
@43 tick();
@44 tick();
@45 tick();
@46 tick();
@47 tick();
@48 tick();
@49 tick();
@50 tick();
@51 tick();
@52 tick();
@53 tick();
@54 tick();
@55 tick();
@56 tick();
@57 tick();
@58 tick();
@59 tick();
@60 tick();
@61 tick();
@62 tick();
@63 tick();
@64 tick();
@65 tick();
@66 tick();
@67 tick();
@68 tick();
@69 tick();
@70 tick();
@71 tick();
@72 tick();
@73 tick();
@74 tick();
@75 tick();
@76 tick();
@77 tick();
@78 tick();
@79 tick();
@80 tick();
@81 tick();
@82 tick();
@83 tick();
@84 tick();
@85 tick();
@86 tick();
@87 tick();
@88 tick();
@89 tick();
@90 tick();
@91 tick();
@92 tick();
@93 tick();
@94 tick();
@95 tick();
@96 tick();
@97 tick();
@98 tick();
@99 tick();
@100 tick();
@101 tick();
@102 tick();
@103 tick();
@104 tick();
@105 tick();
@106 tick();
@107 tick();
@108 tick();
@109 tick();
@110 tick();
@111 tick();
@112 tick();
@113 tick();
@114 tick();
@115 tick();
@115 Use("do.txt", "marketing", "Wei-En Hsieh") Use("do.txt", "marketing", "John Doe");
@116 tick();
@117 tick();
@118 tick();
@119 tick();
@120 tick();
@121 tick();
@122 tick();
@123 tick();
@124 tick();
@125 tick();
@126 tick();
@126 Collect("do.txt", "marketing");
@127 tick();
@128 tick();
@129 tick();
@130 tick();
@131 tick();
@132 tick();
@133 tick();
@134 tick();
@135 tick();
@136 tick();
@137 tick();
@138 tick();
@139 tick();
@140 tick();
@141 tick();
@142 tick();
@143 tick();
@144 tick();
@145 tick();
@146 tick();
@147 tick();
@148 tick();
@149 tick();
@150 tick();
@151 tick();
@152 tick();
@153 tick();
@154 tick();
@155 tick();
@156 tick();
@157 tick();
@158 tick();
@159 tick();
@160 tick();
@161 tick();
@162 tick();
@163 tick();
@164 tick();
@165 tick();
@166 tick();
@167 tick();
@168 tick();
@169 tick();
@170 tick();
@171 tick();
@172 tick();
@173 tick();
@174 tick();
@175 tick();
@176 tick();
@177 tick();
@178 tick();
@178 Collect("do.txt", "marketing");
@179 tick();
@180 tick();
@181 tick();
@182 tick();
@183 tick();
@184 tick();
@185 tick();
@186 tick();
@187 tick();
@188 tick();
@189 tick();
@190 tick();
@191 tick();
@192 tick();
@193 tick();
@194 tick();
@195 tick();
@196 tick();
@197 tick();
@198 tick();
@199 tick();
@200 tick();
@201 tick();
@202 tick();
@203 tick();
@204 tick();
@205 tick();
@206 tick();
@207 tick();
@208 tick();
@209 tick();
@210 tick();
@211 tick();
@212 tick();
@213 tick();
@214 tick();
@215 tick();
@216 tick();
@217 tick();
@218 tick();
@219 tick();
@220 tick();
@221 tick();
@222 tick();
@223 tick();
@224 tick();
@225 tick();
@226 tick();
@227 tick();
@228 tick();
@229 tick();
@230 tick();
@231 tick();
@232 tick();
@233 tick();
@234 tick();
@235 tick();
@236 tick();
@237 tick();
@238 tick();
@239 tick();
@240 tick();
@241 tick();
@242 tick();
@243 tick();
@244 tick();
@245 tick();
@246 tick();
@247 tick();
@248 tick();
@249 tick();
@250 tick();
@251 tick();
@252 tick();
@253 tick();
@254 tick();
@255 tick();
@256 tick();
@257 tick();
@258 tick();
@259 tick();
@260 tick();
@261 tick();
@262 tick();
@263 tick();
@264 tick();
@265 tick();
@266 tick();
@267 tick();
@268 tick();
@269 tick();
@270 tick();
@271 tick();
@272 tick();
@273 tick();
@274 tick();
@275 tick();
@276 tick();
@277 tick();
@278 tick();
@279 tick();
@280 tick();
@281 tick();
@282 tick();
@283 tick();
@284 tick();
@285 tick();
@286 tick();
@287 tick();
@288 tick();
@289 tick();
@290 tick();
@291 tick();
@292 tick();
@293 tick();
@294 tick();
@295 tick();
@296 tick();
@297 tick();
@298 tick();
@299 tick();
@300 tick();
@301 tick();
@302 tick();
@303 tick();
@304 tick();
@305 tick();
@306 tick();
@307 tick();
@308 tick();
@309 tick();
@310 tick();
@311 tick();
@312 tick();
@313 tick();
@314 tick();
@315 tick();
@316 tick();
@317 tick();
@318 tick();
@319 tick();
@320 tick();
@320 Use("do.txt", "marketing", "Wei-En Hsieh") Use("do.txt", "marketing", "John Doe") Use("do.txt", "marketing", "François Hublet");
@321 tick();
@322 tick();
@323 tick();
@324 tick();
@325 tick();
@326 tick();
@327 tick();
@328 tick();
@329 tick();
@330 tick();
@331 tick();
@332 tick();
@333 tick();
@334 tick();
@335 tick();
@336 tick();
@337 tick();
@338 tick();
@339 tick();
@340 tick();
@341 tick();
@342 tick();
@343 tick();
@344 tick();
@345 tick();
@346 tick();
@347 tick();
@348 tick();
@349 tick();
@350 tick();
@351 tick();
@352 tick();
@353 tick();
@354 tick();
@355 tick();
@356 tick();
@357 tick();
@358 tick();
@359 tick();
@360 tick();
@361 tick();
@362 tick();
@363 tick();
@364 tick();
@365 tick();
@366 tick();
@367 tick();
@368 tick();
@369 tick();
@370 tick();
@371 tick();
@372 tick();
@373 tick();
@374 tick();
@375 tick();
@376 tick();
@377 tick();
@378 tick();
@379 tick();
@380 tick();
@381 tick();
@382 tick();
@383 tick();
@384 tick();
@385 tick();
@386 tick();
@387 tick();
@388 tick();
@389 tick();
@390 tick();
@391 tick();
@392 tick();
@393 tick();
@394 tick();
@395 tick();
@396 tick();
@397 tick();
@398 tick();
@399 tick();
@400 tick();
@401 tick();
@402 tick();
@403 tick();
@404 tick();
@405 tick();
@406 tick();
@407 tick();
@408 tick();
@409 tick();
@410 tick();
@411 tick();
@412 tick();
@413 tick();
@414 tick();
@415 tick();
@416 tick();
@417 tick();
@418 tick();
@419 tick();
@420 tick();
@421 tick();
@422 tick();
@423 tick();
@424 tick();
@425 tick();
@426 tick();
@427 tick();
@428 tick();
@429 tick();
@430 tick();
@431 tick();
@432 tick();
@433 tick();
@434 tick();
@435 tick();
@436 tick();
@437 tick();
@438 tick();
@439 tick();
@440 tick();
@441 tick();
@442 tick();
@443 tick();
@444 tick();
@445 tick();
@446 tick();
@447 tick();
@448 tick();
@449 tick();
@450 tick();
@451 tick();
@452 tick();
@453 tick();
@454 tick();
@455 tick();
@456 tick();
@457 tick();
@458 tick();
@459 tick();
@460 tick();
@461 tick();
@462 tick();
@463 tick();
@464 tick();
@465 tick();
@466 tick();
@467 tick();
@468 tick();
@469 tick();
@470 tick();
@471 tick();
@472 tick();
@473 tick();
@474 tick();
@475 tick();
@476 tick();
@477 tick();
@478 tick();
@479 tick();
@480 tick();
@481 tick();
@482 tick();
@483 tick();
@484 tick();
@485 tick();
@486 tick();
@487 tick();
@488 tick();
@489 tick();
@490 tick();
@491 tick();
@492 tick();
@493 tick();
@494 tick();
@495 tick();
@496 tick();
@497 tick();
@498 tick();
@499 tick();
@500 tick();
@501 tick();
@502 tick();
@503 tick();
@504 tick();
@505 tick();
@506 tick();
@507 tick();
@508 tick();
@509 tick();
@510 tick();
@511 tick();
@512 tick();
@513 tick();
@514 tick();
@515 tick();
@516 tick();
@517 tick();
@518 tick();
@519 tick();
@520 tick();
@521 tick();
@522 tick();
@523 tick();
@524 tick();
@525 tick();
@526 tick();
@527 tick();
@528 tick();
@529 tick();
@530 tick();
@531 tick();
@532 tick();
@533 tick();
@534 tick();
@535 tick();
@536 tick();
@537 tick();
@538 tick();
@539 tick();
@540 tick();
@541 tick();
@542 tick();
@543 tick();
@544 tick();
@545 tick();
@546 tick();
@547 tick();
@548 tick();
@549 tick();
@550 tick();
@551 tick();
@552 tick();
@553 tick();
@554 tick();
@555 tick();
@556 tick();
@557 tick();
@558 tick();
@559 tick();
@560 tick();
@561 tick();
@562 tick();
@563 tick();
@564 tick();
@565 tick();
@566 tick();
@567 tick();
@568 tick();
@569 tick();
@570 tick();
@571 tick();
@572 tick();
@573 tick();
@574 tick();
@575 tick();
@576 tick();
@577 tick();
@578 tick();
@579 tick();
@580 tick();
@581 tick();
@582 tick();
@583 tick();
@584 tick();
@585 tick();
@586 tick();
@587 tick();
@588 tick();
@589 tick();
@590 tick();
@591 tick();
@592 tick();
@593 tick();
@594 tick();
@595 tick();
@596 tick();
@597 tick();
@598 tick();
@599 tick();
@600 tick();
@601 tick();
@602 tick();
@603 tick();
@604 tick();
@605 tick();
@606 tick();
@607 tick();
@608 tick();
@608 Collect("renaming.txt", "marketing");
@608 Use("renaming.txt", "marketing", "anonymous");
@609 tick();
@610 tick();
@611 tick();
@612 tick();
@613 tick();
@614 tick();
@615 tick();
@616 tick();
@617 tick();
@618 tick();
@619 tick();
@620 tick();
@621 tick();
@622 tick();
@623 tick();
@624 tick();
@625 tick();
@626 tick();
@627 tick();
@628 tick();
@629 tick();
@630 tick();
@631 tick();
@632 tick();
@633 tick();
@634 tick();
@635 tick();
@636 tick();
@637 tick();
@638 tick();
@639 tick();
@640 tick();
@641 tick();
@642 tick();
@643 tick();
@644 tick();
@645 tick();
@646 tick();
@647 tick();
@648 tick();
@649 tick();
@650 tick();
@651 tick();
@652 tick();
@653 tick();
@654 tick();
@655 tick();
@656 tick();
@657 tick();
@658 tick();
@659 tick();
@660 tick();
@661 tick();
@662 tick();
@663 tick();
@664 tick();
@665 tick();
@666 tick();
@667 tick();
@668 tick();
@669 tick();
@670 tick();
@671 tick();
@672 tick();
@673 tick();
@674 tick();
@675 tick();
@676 tick();
@677 tick();
@678 tick();
@679 tick();
@680 tick();
@681 tick();
@682 tick();
@683 tick();
@684 tick();
@685 tick();
@686 tick();
@687 tick();
@688 tick();
@689 tick();
@690 tick();
@691 tick();
@692 tick();
@693 tick();
@694 tick();
@695 tick();
@696 tick();
@697 tick();
@698 tick();
@699 tick();
@700 tick();
@701 tick();
@702 tick();
@703 tick();
@704 tick();
@705 tick();
@706 tick();
@707 tick();
@708 tick();
@709 tick();
@710 tick();
@711 tick();
@712 tick();
@713 tick();
@714 tick();
@715 tick();
@716 tick();
@717 tick();
@718 tick();
@719 tick();
@720 tick();
@721 tick();
@722 tick();
@723 tick();
@724 tick();
@725 tick();
@726 tick();
@727 tick();
@728 tick();
@729 tick();
@730 tick();
@731 tick();
@732 tick();
@733 tick();
@734 tick();
@735 tick();
@736 tick();
@737 tick();
@738 tick();
@739 tick();
@740 tick();
@741 tick();
@742 tick();
@743 tick();
@744 tick();
@745 tick();
@746 tick();
@747 tick();
@748 tick();
@749 tick();
@750 tick();
@751 tick();
@752 tick();
@753 tick();
@754 tick();
@754 Collect("write.txt", "marketing");
@755 tick();
@756 tick();
@757 tick();
@758 tick();
@759 tick();
@760 tick();
@761 tick();
@762 tick();
@763 tick();
@764 tick();
@764 Use("renaming.txt", "marketing", "anonymous");
@765 tick();
@766 tick();
@766 Collect("renaming.txt", "marketing");
@767 tick();
@768 tick();
@769 tick();
@770 tick();
@771 tick();
@772 tick();
@773 tick();
@774 tick();
@775 tick();
@776 tick();
@777 tick();
@778 tick();
@779 tick();
@780 tick();
@781 tick();
@782 tick();
@783 tick();
@784 tick();
@785 tick();
@786 tick();
@787 tick();
@788 tick();
@789 tick();
@790 tick();
@791 tick();
@792 tick();
@793 tick();
@794 tick();
@795 tick();
@796 tick();
@797 tick();
@798 tick();
@799 tick();
@800 tick();
@801 tick();
@802 tick();
@803 tick();
@804 tick();
@805 tick();
@806 tick();
@807 tick();
@808 tick();
@809 tick();
@810 tick();
@811 tick();
@812 tick();
@813 tick();
@814 tick();
@815 tick();
@816 tick();
@817 tick();
@818 tick();
@0 tick();
@1 tick();
@2 tick();
@3 tick();
@4 tick();
@5 tick();
@6 tick();
@7 tick();
@8 tick();
@9 tick();
@10 tick();
@11 tick();
@12 tick();
@13 tick();
@14 tick();
@15 tick();
@16 tick();
@17 tick();
@18 tick();
@19 tick();
@20 tick();
@21 tick();
@22 tick();
@23 tick();
@24 tick();
@25 tick();
@26 tick();
@27 tick();
@28 tick();
@29 tick();
@30 tick();
@31 tick();
@32 tick();
@33 tick();
@34 tick();
@35 tick();
@36 tick();
@37 tick();
@38 tick();
@39 tick();
@40 tick();
@41 tick();
@42 tick();
@43 tick();
@44 tick();
@44 Collect("inconsistent.txt", "marketing");
@45 tick();
@46 tick();
@47 tick();
@48 tick();
@49 tick();
@50 tick();
@51 tick();
@52 tick();
@53 tick();
@54 tick();
@55 tick();
@56 tick();
@57 tick();
@58 tick();
@59 tick();
@60 tick();
@61 tick();
@62 tick();
@63 tick();
@64 tick();
@65 tick();
@66 tick();
@67 tick();
@68 tick();
@69 tick();
@70 tick();
@71 tick();
@72 tick();
@73 tick();
@74 tick();
@75 tick();
@76 tick();
@77 tick();
@78 tick();
@79 tick();
@80 tick();
@81 tick();
@82 tick();
@83 tick();
@84 tick();
@85 tick();
@86 tick();
@87 tick();
@88 tick();
@89 tick();
@90 tick();
@91 tick();
@92 tick();
@93 tick();
@94 tick();
@95 tick();
@96 tick();
@97 tick();
@98 tick();
@99 tick();
@100 tick();
@101 tick();
@102 tick();
@103 tick();
@104 tick();
@105 tick();
@106 tick();
@107 tick();
@108 tick();
@109 tick();
@110 tick();
@111 tick();
@112 tick();
@113 tick();
@114 tick();
@115 tick();
@116 tick();
@117 tick();
@118 tick();
@119 tick();
@120 tick();
@121 tick();
@122 tick();
@123 tick();
@124 tick();
@125 tick();
@126 tick();
@127 tick();
@128 tick();
@129 tick();
@130 tick();
@131 tick();
@132 tick();
@133 tick();
@134 tick();
@135 tick();
@136 tick();
@137 tick();
@138 tick();
@139 tick();
@140 tick();
@141 tick();
@142 tick();
@143 tick();
@144 tick();
@145 tick();
@146 tick();
@147 tick();
@148 tick();
@149 tick();
@150 tick();
@151 tick();
@152 tick();
@153 tick();
@154 tick();
@155 tick();
@156 tick();
@157 tick();
@158 tick();
@159 tick();
@160 tick();
@161 tick();
@162 tick();
@163 tick();
@164 tick();
@165 tick();
@166 tick();
@167 tick();
@168 tick();
@169 tick();
@170 tick();
@171 tick();
@172 tick();
@173 tick();
@174 tick();
@175 tick();
@176 tick();
@177 tick();
@178 tick();
@179 tick();
@180 tick();
@181 tick();
@182 tick();
@183 tick();
@184 tick();
@185 tick();
@186 tick();
@187 tick();
@188 tick();
@189 tick();
@190 tick();
@0 tick();
@1 tick();
@2 tick();
@3 tick();
@4 tick();
@5 tick();
@6 tick();
@7 tick();
@8 tick();
@9 tick();
@10 tick();
@11 tick();
@12 tick();
@13 tick();
@14 tick();
@15 tick();
@16 tick();
@17 tick();
@18 tick();
@19 tick();
@20 tick();
@21 tick();
@22 tick();
@23 tick();
@24 tick();
@25 tick();
@26 tick();
@27 tick();
@28 tick();
@29 tick();
@30 tick();
@31 tick();
@32 tick();
@33 tick();
@34 tick();
@35 tick();
@35 Collect("Empty Document", "marketing");
@35 Use("Empty Document", "marketing", "anonymous");
@36 tick();
@37 tick();
@38 tick();
@39 tick();
@40 tick();
@41 tick();
@42 tick();
@43 tick();
@44 tick();
@45 tick();
@46 tick();
@47 tick();
@48 tick();
@49 tick();
@50 tick();
@51 tick();
@52 tick();
@53 tick();
@54 tick();
@55 tick();
@56 tick();
@57 tick();
@58 tick();
@59 tick();
@60 tick();
@61 tick();
@62 tick();
@63 tick();
@64 tick();
@65 tick();
@66 tick();
@67 tick();
@68 tick();
@69 tick();
@70 tick();
@71 tick();
@72 tick();
@73 tick();
@74 tick();
@75 tick();
@76 tick();
@77 tick();
@78 tick();
@79 tick();
@80 tick();
@81 tick();
@82 tick();
@83 tick();
@84 tick();
@85 tick();
@86 tick();
@87 tick();
@88 tick();
@89 tick();
@90 tick();
@91 tick();
@92 tick();
@93 tick();
@94 tick();
@95 tick();
@96 tick();
@97 tick();
@98 tick();
@99 tick();
@100 tick();
@101 tick();
@102 tick();
@103 tick();
@104 tick();
@0 tick();
@1 tick();
@2 tick();
@3 tick();
@4 tick();
@4 Use("Empty Document", "marketing", "anonymous");
@5 tick();
@6 tick();
@7 tick();
@8 tick();
@9 tick();
@10 tick();
@11 tick();
@12 tick();
@13 tick();
@14 tick();
@15 tick();
@16 tick();
@17 tick();
@17 Collect("Empty Document (3)", "marketing");
@17 Use("Empty Document (3)", "marketing", "anonymous");
@18 tick();
@19 tick();
@20 tick();
@21 tick();
@22 tick();
@23 tick();
@24 tick();
@25 tick();
@26 tick();
@27 tick();
@28 tick();
@29 tick();
@30 tick();
@31 tick();
@32 tick();
@33 tick();
@34 tick();
@35 tick();
@36 tick();
@37 tick();
@38 tick();
@39 tick();
@40 tick();
@41 tick();
@42 tick();
@43 tick();
@44 tick();
@45 tick();
@46 tick();
@47 tick();
@48 tick();
@49 tick();
@50 tick();
@51 tick();
@52 tick();
@53 tick();
@54 tick();
@55 tick();
@56 tick();
@57 tick();
@58 tick();
@59 tick();
@60 tick();
@61 tick();
@62 tick();
@63 tick();
@64 tick();
@65 tick();
@66 tick();
@67 tick();
@68 tick();
@0 tick();
@1 tick();
@2 tick();
@3 tick();
@4 tick();
@5 tick();
@6 tick();
@7 tick();
@7 Use("Empty Document", "marketing", "anonymous");
@7 Use("Empty Document (3)", "marketing", "anonymous");
@8 tick();
@9 tick();
@10 tick();
@10 Collect("Empty Document (2)", "marketing");
@10 Use("Empty Document (2)", "marketing", "anonymous");
@11 tick();
@12 tick();
@13 tick();
@14 tick();
@15 tick();
@16 tick();
@17 tick();
@18 tick();
@19 tick();
@20 tick();
@21 tick();
@22 tick();
@23 tick();
@24 tick();
@25 tick();
@26 tick();
@27 tick();
@28 tick();
@29 tick();
@30 tick();
@31 tick();
@32 tick();
@33 tick();
@34 tick();
@35 tick();
@35 Collect("Empty Document (4)", "marketing");
@35 Use("Empty Document (4)", "marketing", "Wei-En Hsieh");
@36 tick();
@37 tick();
@38 tick();
@39 tick();
@40 tick();
@41 tick();
@42 tick();
@43 tick();
@44 tick();
@45 tick();
@46 tick();
@47 tick();
@0 tick();
@1 tick();
@2 tick();
@3 tick();
@4 tick();
@4 Use("Empty Document", "marketing", "anonymous");
@4 Use("Empty Document (2)", "marketing", "anonymous");
@4 Use("Empty Document (3)", "marketing", "anonymous");
@4 Use("Empty Document (4)", "marketing", "Wei-En Hsieh");
@5 tick();
@6 tick();
@7 tick();
@8 tick();
@9 tick();
@10 tick();
@11 tick();
@12 tick();
@13 tick();
@14 tick();
@15 tick();
@16 tick();
@17 tick();
@18 tick();
@19 tick();
@20 tick();
@21 tick();
@22 tick();
@23 tick();
@0 tick();
@1 tick();
@2 tick();
@3 tick();
@3 Use("Empty Document", "marketing", "anonymous");
@3 Use("Empty Document (2)", "marketing", "anonymous");
@3 Use("Empty Document (3)", "marketing", "anonymous");
@3 Use("Empty Document (4)", "marketing", "Wei-En Hsieh");
@4 tick();
@5 tick();
@6 tick();
@7 tick();
@8 tick();
@9 tick();
@10 tick();
@11 tick();
@12 tick();
@13 tick();
@14 tick();
@15 tick();
@16 tick();
@17 tick();
@18 tick();
@19 tick();
@20 tick();
@21 tick();
@22 tick();
@23 tick();
@24 tick();
@25 tick();
@26 tick();
@27 tick();
@28 tick();
@29 tick();
@30 tick();
@31 tick();
@32 tick();
@33 tick();
@34 tick();
@35 tick();
@35 Collect("Empty Document (5)", "marketing");
@35 Use("Empty Document (5)", "marketing", "anonymous");
@36 tick();
@37 tick();
@38 tick();
@39 tick();
@40 tick();
@41 tick();
@42 tick();
@43 tick();
@44 tick();
@45 tick();
@46 tick();
@47 tick();
@48 tick();
@49 tick();
@50 tick();
@51 tick();
@52 tick();
@53 tick();
@54 tick();
@55 tick();
@56 tick();
@57 tick();
@58 tick();
@59 tick();
@60 tick();
@61 tick();
@62 tick();
@63 tick();
@64 tick();
@65 tick();
@66 tick();
@67 tick();
@68 tick();
@69 tick();
@70 tick();
@71 tick();
@72 tick();
@73 tick();
@74 tick();
@75 tick();
@76 tick();
@77 tick();
@78 tick();
@79 tick();
@80 tick();
@81 tick();
@82 tick();
@83 tick();
@84 tick();
@85 tick();
@86 tick();
@87 tick();
@88 tick();
@89 tick();
@90 tick();
@91 tick();
@92 tick();
@93 tick();
@94 tick();
@95 tick();
@96 tick();
@97 tick();
@98 tick();
@99 tick();
@100 tick();
@101 tick();
@102 tick();
@103 tick();
@104 tick();
@105 tick();
@106 tick();
@107 tick();
@108 tick();
@109 tick();
@110 tick();
@111 tick();
@112 tick();
@113 tick();
@114 tick();
@115 tick();
@116 tick();
@117 tick();
@118 tick();
@119 tick();
@120 tick();
@121 tick();
@122 tick();
@123 tick();
@124 tick();
@125 tick();
@126 tick();
@127 tick();
@128 tick();
@129 tick();
@130 tick();
@131 tick();
@132 tick();
@133 tick();
@134 tick();
@135 tick();
@136 tick();
@137 tick();
@138 tick();
@139 tick();
@140 tick();
@141 tick();
@142 tick();
@143 tick();
@144 tick();
@145 tick();
@146 tick();
@147 tick();
@148 tick();
@149 tick();
@150 tick();
@151 tick();
@152 tick();
@153 tick();
@154 tick();
@155 tick();
@156 tick();
@157 tick();
@158 tick();
@159 tick();
@160 tick();
@161 tick();
@162 tick();
@163 tick();
@164 tick();
@165 tick();
@166 tick();
@167 tick();
@168 tick();
@169 tick();
@170 tick();
@171 tick();
@172 tick();
@173 tick();
@174 tick();
@175 tick();
@176 tick();
@177 tick();
@178 tick();
@179 tick();
@180 tick();
@181 tick();
@182 tick();
@183 tick();
@184 tick();
@185 tick();
@185 Use("Empty Document (2)", "marketing", "anonymous");
@186 tick();
@187 tick();
@188 tick();
@189 tick();
@190 tick();
@191 tick();
@192 tick();
@193 tick();
@194 tick();
@195 tick();
@196 tick();
@197 tick();
@198 tick();
@199 tick();
@200 tick();
@201 tick();
@202 tick();
@203 tick();
@204 tick();
@205 tick();
@206 tick();
@0 tick();
@1 tick();
@2 tick();
@3 tick();
@4 tick();
@5 tick();
@6 tick();
@7 tick();
@8 tick();
@9 tick();
@10 tick();
@11 tick();
@12 tick();
@13 tick();
@0 tick();
@1 tick();
@2 tick();
@3 tick();
@4 tick();
@5 tick();
@6 tick();
@7 tick();
@8 tick();
@9 tick();
@10 tick();
@11 tick();
@12 tick();
@13 tick();
@14 tick();
@15 tick();
@16 tick();
@17 tick();
@18 tick();
@19 tick();
@20 tick();
@21 tick();
@22 tick();
@23 tick();
@24 tick();
@25 tick();
@26 tick();
@27 tick();
@28 tick();
@29 tick();
@30 tick();
@31 tick();
@32 tick();
@33 tick();
@34 tick();
@35 tick();
@36 tick();
@37 tick();
@38 tick();
@39 tick();
@40 tick();
@41 tick();
@42 tick();
@43 tick();
@44 tick();
@45 tick();
@46 tick();
@47 tick();
@48 tick();
@49 tick();
@50 tick();
@51 tick();
@52 tick();
@53 tick();
@54 tick();
@55 tick();
@56 tick();
@57 tick();
@58 tick();
@59 tick();
@60 tick();
@61 tick();
@62 tick();
@63 tick();
@64 tick();
@65 tick();
@66 tick();
@67 tick();
@68 tick();
@69 tick();
@70 tick();
@71 tick();
@72 tick();
@73 tick();
@74 tick();
@75 tick();
@76 tick();
@77 tick();
@78 tick();
@79 tick();
@80 tick();
@81 tick();
@82 tick();
@83 tick();
@84 tick();
@85 tick();
@86 tick();
@87 tick();
@88 tick();
@89 tick();
@90 tick();
@91 tick();
@92 tick();
@93 tick();
@0 tick();
@1 tick();
@2 tick();
@3 tick();
@4 tick();
@5 tick();
@6 tick();
@7 tick();
@8 tick();
@9 tick();
@10 tick();
@11 tick();
@12 tick();
@13 tick();
@14 tick();
@15 tick();
@16 tick();
@17 tick();
@18 tick();
@19 tick();
@20 tick();
@0 tick();
@1 tick();
@2 tick();
@3 tick();
@4 tick();
@5 tick();
@6 tick();
@7 tick();
@8 tick();
@9 tick();
@10 tick();
@11 tick();
@12 tick();
@13 tick();
@13 Use("dodo2.txt", "marketing", "anonymous");
@14 tick();
@15 tick();
@16 tick();
@17 tick();
@18 tick();
@19 tick();
@20 tick();
@21 tick();
@22 tick();
@23 tick();
@24 tick();
@25 tick();
@26 tick();
@27 tick();
@28 tick();
@29 tick();
@30 tick();
@31 tick();
@32 tick();
@33 tick();
@34 tick();
@35 tick();
@36 tick();
@36 Collect("dodo2.txt", "marketing");
@37 tick();
@38 tick();
@39 tick();
@40 tick();
@41 tick();
@42 tick();
@43 tick();
@44 tick();
@45 tick();
@46 tick();
@47 tick();
@48 tick();
@49 tick();
@50 tick();
@51 tick();
@52 tick();
@53 tick();
@54 tick();
@55 tick();
@56 tick();
@57 tick();
@58 tick();
@59 tick();
@60 tick();
@61 tick();
@62 tick();
@63 tick();
@64 tick();
@64 Collect("Empty Document", "marketing");
@64 Use("Empty Document", "marketing", "anonymous");
@65 tick();
@66 tick();
@67 tick();
@68 tick();
@69 tick();
@70 tick();
@71 tick();
@72 tick();
@73 tick();
@74 tick();
@75 tick();
@76 tick();
@77 tick();
@78 tick();
@0 tick();
@1 tick();
@2 tick();
@3 tick();
@4 tick();
@5 tick();
@6 tick();
@6 Use("Empty Document", "marketing", "anonymous");
@7 tick();
@8 tick();
@9 tick();
@10 tick();
@11 tick();
@12 tick();
@13 tick();
@14 tick();
@15 tick();
@16 tick();
@17 tick();
@18 tick();
@19 tick();
@20 tick();
@21 tick();
@21 Collect("Empty Document (2)", "marketing");
@21 Use("Empty Document (2)", "marketing", "anonymous");
@22 tick();
@23 tick();
@24 tick();
@25 tick();
@26 tick();
@27 tick();
@28 tick();
@29 tick();
@30 tick();
@31 tick();
@32 tick();
@33 tick();
@0 tick();
@1 tick();
@2 tick();
@3 tick();
@4 tick();
@5 tick();
@5 Use("Empty Document", "marketing", "anonymous");
@6 tick();
@6 Use("Empty Document (2)", "marketing", "anonymous");
@7 tick();
@8 tick();
@9 tick();
@10 tick();
@11 tick();
@12 tick();
@13 tick();
@14 tick();
@15 tick();
@16 tick();
@17 tick();
@18 tick();
@19 tick();
@20 tick();
@21 tick();
@22 tick();
@23 tick();
@23 Use("Empty Document", "marketing", "anonymous");
@24 tick();
@25 tick();
@26 tick();
@27 tick();
@28 tick();
@29 tick();
@30 tick();
@31 tick();
@32 tick();
@33 tick();
@34 tick();
@35 tick();
@36 tick();
@37 tick();
@38 tick();
@39 tick();
@40 tick();
@41 tick();
@42 tick();
@43 tick();
@44 tick();
@45 tick();
@46 tick();
@0 tick();
@1 tick();
@2 tick();
@3 tick();
@4 tick();
@4 Use("Empty Document", "marketing", "anonymous");
@4 Use("Empty Document (2)", "marketing", "anonymous");
@5 tick();
@6 tick();
@7 tick();
@8 tick();
@9 tick();
@10 tick();
@11 tick();
@12 tick();
@13 tick();
@14 tick();
@15 tick();
@16 tick();
@17 tick();
@18 tick();
@19 tick();
@20 tick();
@21 tick();
@22 tick();
@23 tick();
@24 tick();
@25 tick();
@26 tick();
@27 tick();
@28 tick();
@29 tick();
@30 tick();
@0 tick();
@1 tick();
@2 tick();
@3 tick();
@4 tick();
@5 tick();
@6 tick();
@7 tick();
@8 tick();
@9 tick();
@10 tick();
@11 tick();
@12 tick();
@13 tick();
@14 tick();
@0 tick();
@1 tick();
@2 tick();
@3 tick();
@4 tick();
@5 tick();
@5 Use("Empty Document", "marketing", "anonymous");
@5 Use("Empty Document (2)", "marketing", "anonymous");
@6 tick();
@7 tick();
@8 tick();
@9 tick();
@10 tick();
@11 tick();
@12 tick();
@13 tick();
@14 tick();
@15 tick();
@16 tick();
@17 tick();
@18 tick();
@19 tick();
@20 tick();
@21 tick();
@22 tick();
@23 tick();
@24 tick();
@25 tick();
@26 tick();
@27 tick();
@28 tick();
@29 tick();
@30 tick();
@0 tick();
@1 tick();
@2 tick();
@3 tick();
@4 tick();
@5 tick();
@6 tick();
@7 tick();
@7 Use("Empty Document", "marketing", "anonymous");
@7 Use("Empty Document (2)", "marketing", "anonymous");
@8 tick();
@9 tick();
@10 tick();
@11 tick();
@12 tick();
@13 tick();
@14 tick();
@15 tick();
@0 tick();
@1 tick();
@2 tick();
@3 tick();
@4 tick();
@4 Use("Empty Document", "marketing", "anonymous");
@4 Use("Empty Document (2)", "marketing", "anonymous");
@5 tick();
@6 tick();
@7 tick();
@8 tick();
@9 tick();
@10 tick();
@11 tick();
@12 tick();
@0 tick();
@1 tick();
@2 tick();
@3 tick();
@4 tick();
@4 Use("Empty Document", "marketing", "anonymous");
@4 Use("Empty Document (2)", "marketing", "anonymous");
@5 tick();
@6 tick();
@6 Use("do.txt", "marketing", "François Hublet");
@7 tick();
@8 tick();
@9 tick();
@10 tick();
@11 tick();
@12 tick();
@13 tick();
@14 tick();
@15 tick();
@16 tick();
@17 tick();
@18 tick();
@19 tick();
@20 tick();
@21 tick();
@22 tick();
@23 tick();
@24 tick();
@25 tick();
@26 tick();
@0 tick();
@1 tick();
@2 tick();
@3 tick();
@4 tick();
@5 tick();
@6 tick();
@7 tick();
@8 tick();
@9 tick();
@10 tick();
@11 tick();
@12 tick();
@13 tick();
@14 tick();
@15 tick();
@16 tick();
@17 tick();
@18 tick();
@19 tick();
@20 tick();
@0 tick();
@1 tick();
@2 tick();
@3 tick();
@4 tick();
@5 tick();
@6 tick();
@7 tick();
@8 tick();
@9 tick();
@10 tick();
@10 Use("Empty Document", "marketing", "anonymous");
@10 Use("Empty Document (2)", "marketing", "anonymous");
@11 tick();
@12 tick();
@13 tick();
@14 tick();
@15 tick();
@16 tick();
@17 tick();
@18 tick();
@19 tick();
@20 tick();
@21 tick();
@22 tick();
@23 tick();
@0 tick();
@1 tick();
@2 tick();
@3 tick();
@4 tick();
@5 tick();
@6 tick();
@7 tick();
@8 tick();
@9 tick();
@10 tick();
@11 tick();
@12 tick();
@12 Use("Empty Document", "marketing", "anonymous");
@12 Use("Empty Document (2)", "marketing", "anonymous");
@13 tick();
@14 tick();
@15 tick();
@16 tick();
@17 tick();
@18 tick();
@19 tick();
@0 tick();
@1 tick();
@2 tick();
@3 tick();
@4 tick();
@4 Use("Empty Document", "marketing", "anonymous");
@4 Use("Empty Document (2)", "marketing", "anonymous");
@5 tick();
@6 tick();
@7 tick();
@8 tick();
@9 tick();
@10 tick();
@11 tick();
@12 tick();
@13 tick();
@14 tick();
@15 tick();
@0 tick();
@1 tick();
@2 tick();
@3 tick();
@4 tick();
@5 tick();
@6 tick();
@7 tick();
@8 tick();
@9 tick();
@10 tick();
@11 tick();
@11 Use("Empty Document", "marketing", "anonymous");
@11 Use("Empty Document (2)", "marketing", "anonymous");
@12 tick();
@13 tick();
@14 tick();
@15 tick();
@16 tick();
@17 tick();
@18 tick();
@19 tick();
@20 tick();
@21 tick();
@22 tick();
@23 tick();
@24 tick();
@25 tick();
@0 tick();
@1 tick();
@2 tick();
@3 tick();
@4 tick();
@5 tick();
@6 tick();
@7 tick();
@8 tick();
@8 Use("Empty Document", "marketing", "anonymous");
@8 Use("Empty Document (2)", "marketing", "anonymous");
@9 tick();
@10 tick();
@11 tick();
@12 tick();
@13 tick();
@14 tick();
@15 tick();
@16 tick();
@17 tick();
@18 tick();
@19 tick();
@20 tick();
@21 tick();
@22 tick();
@0 tick();
@1 tick();
@2 tick();
@3 tick();
@3 Use("Empty Document", "marketing", "anonymous");
@3 Use("Empty Document (2)", "marketing", "anonymous");
@4 tick();
@5 tick();
@6 tick();
@7 tick();
@8 tick();
@9 tick();
@10 tick();
@11 tick();
@12 tick();
@13 tick();
@14 tick();
@15 tick();
@16 tick();
@17 tick();
@18 tick();
@19 tick();
@20 tick();
@21 tick();
@22 tick();
@23 tick();
@24 tick();
@25 tick();
@26 tick();
@27 tick();
@28 tick();
@0 tick();
@1 tick();
@2 tick();
@3 tick();
@4 tick();
@5 tick();
@6 tick();
@7 tick();
@8 tick();
@9 tick();
@10 tick();
@11 tick();
@12 tick();
@13 tick();
@14 tick();
@15 tick();
@16 tick();
@17 tick();
@18 tick();
@19 tick();
@20 tick();
@21 tick();
@22 tick();
@23 tick();
@24 tick();
@25 tick();
@26 tick();
@27 tick();
@28 tick();
@0 tick();
@1 tick();
@2 tick();
@3 tick();
@4 tick();
@5 tick();
@6 tick();
@7 tick();
@8 tick();
@9 tick();
@10 tick();
@11 tick();
@12 tick();
@13 tick();
@14 tick();
@15 tick();
@16 tick();
@17 tick();
@18 tick();
@19 tick();
@20 tick();
@0 tick();
@1 tick();
@2 tick();
@3 tick();
@4 tick();
@5 tick();
@6 tick();
@7 tick();
@8 tick();
@9 tick();
@10 tick();
@11 tick();
@12 tick();
@13 tick();
@14 tick();
@15 tick();
@0 tick();
@1 tick();
@2 tick();
@3 tick();
@4 tick();
@5 tick();
@6 tick();
@7 tick();
@8 tick();
@9 tick();
@10 tick();
@11 tick();
@12 tick();
@13 tick();
@14 tick();
@15 tick();
@16 tick();
@17 tick();
@18 tick();
@19 tick();
@20 tick();
@21 tick();
@22 tick();
@23 tick();
@24 tick();
@25 tick();
@26 tick();
@0 tick();
@1 tick();
@2 tick();
@3 tick();
@4 tick();
@5 tick();
@6 tick();
@7 tick();
@8 tick();
@9 tick();
@10 tick();
@11 tick();
@12 tick();
@13 tick();
